TimeQuest Timing Analyzer report for GR8RAM
Fri Mar 19 16:35:38 2021
Quartus II 32-bit Version 13.0.1 Build 232 06/12/2013 Service Pack 1 SJ Web Edition


---------------------
; Table of Contents ;
---------------------
  1. Legal Notice
  2. TimeQuest Timing Analyzer Summary
  3. Parallel Compilation
  4. Clocks
  5. Fmax Summary
  6. Setup Summary
  7. Hold Summary
  8. Recovery Summary
  9. Removal Summary
 10. Minimum Pulse Width Summary
 11. Setup: 'ARCLK'
 12. Setup: 'DRCLK'
 13. Setup: 'C25M'
 14. Hold: 'ARCLK'
 15. Hold: 'DRCLK'
 16. Hold: 'C25M'
 17. Minimum Pulse Width: 'ARCLK'
 18. Minimum Pulse Width: 'DRCLK'
 19. Minimum Pulse Width: 'C25M'
 20. Setup Times
 21. Hold Times
 22. Clock to Output Times
 23. Minimum Clock to Output Times
 24. Propagation Delay
 25. Minimum Propagation Delay
 26. Output Enable Times
 27. Minimum Output Enable Times
 28. Output Disable Times
 29. Minimum Output Disable Times
 30. Setup Transfers
 31. Hold Transfers
 32. Report TCCS
 33. Report RSKM
 34. Unconstrained Paths
 35. TimeQuest Timing Analyzer Messages



----------------
; Legal Notice ;
----------------
Copyright (C) 1991-2013 Altera Corporation
Your use of Altera Corporation's design tools, logic functions 
and other software and tools, and its AMPP partner logic 
functions, and any output files from any of the foregoing 
(including device programming or simulation files), and any 
associated documentation or information are expressly subject 
to the terms and conditions of the Altera Program License 
Subscription Agreement, Altera MegaCore Function License 
Agreement, or other applicable license agreement, including, 
without limitation, that your use is for the sole purpose of 
programming logic devices manufactured by Altera and sold by 
Altera or its authorized distributors.  Please refer to the 
applicable agreement for further details.



+----------------------------------------------------------------------------------------+
; TimeQuest Timing Analyzer Summary                                                      ;
+--------------------+-------------------------------------------------------------------+
; Quartus II Version ; Version 13.0.1 Build 232 06/12/2013 Service Pack 1 SJ Web Edition ;
; Revision Name      ; GR8RAM                                                            ;
; Device Family      ; MAX II                                                            ;
; Device Name        ; EPM240T100C5                                                      ;
; Timing Models      ; Final                                                             ;
; Delay Model        ; Slow Model                                                        ;
; Rise/Fall Delays   ; Unavailable                                                       ;
+--------------------+-------------------------------------------------------------------+


+------------------------------------------+
; Parallel Compilation                     ;
+----------------------------+-------------+
; Processors                 ; Number      ;
+----------------------------+-------------+
; Number detected on machine ; 2           ;
; Maximum allowed            ; 2           ;
;                            ;             ;
; Average used               ; 1.00        ;
; Maximum used               ; 2           ;
;                            ;             ;
; Usage by Processor         ; % Time Used ;
;     Processor 1            ; 100.0%      ;
;     Processor 2            ; < 0.1%      ;
+----------------------------+-------------+


+-----------------------------------------------------------------------------------------------------------------------------------------------------------------------------------+
; Clocks                                                                                                                                                                            ;
+------------+------+--------+------------+-------+-------+------------+-----------+-------------+-------+--------+-----------+------------+----------+--------+--------+-----------+
; Clock Name ; Type ; Period ; Frequency  ; Rise  ; Fall  ; Duty Cycle ; Divide by ; Multiply by ; Phase ; Offset ; Edge List ; Edge Shift ; Inverted ; Master ; Source ; Targets   ;
+------------+------+--------+------------+-------+-------+------------+-----------+-------------+-------+--------+-----------+------------+----------+--------+--------+-----------+
; ARCLK      ; Base ; 1.000  ; 1000.0 MHz ; 0.000 ; 0.500 ;            ;           ;             ;       ;        ;           ;            ;          ;        ;        ; { ARCLK } ;
; C25M       ; Base ; 1.000  ; 1000.0 MHz ; 0.000 ; 0.500 ;            ;           ;             ;       ;        ;           ;            ;          ;        ;        ; { C25M }  ;
; DRCLK      ; Base ; 1.000  ; 1000.0 MHz ; 0.000 ; 0.500 ;            ;           ;             ;       ;        ;           ;            ;          ;        ;        ; { DRCLK } ;
+------------+------+--------+------------+-------+-------+------------+-----------+-------------+-------+--------+-----------+------------+----------+--------+--------+-----------+


+-------------------------------------------------+
; Fmax Summary                                    ;
+-----------+-----------------+------------+------+
; Fmax      ; Restricted Fmax ; Clock Name ; Note ;
+-----------+-----------------+------------+------+
; 10.0 MHz  ; 10.0 MHz        ; ARCLK      ;      ;
; 10.0 MHz  ; 10.0 MHz        ; DRCLK      ;      ;
; 94.74 MHz ; 94.74 MHz       ; C25M       ;      ;
+-----------+-----------------+------------+------+
This panel reports FMAX for every clock in the design, regardless of the user-specified clock periods.  FMAX is only computed for paths where the source and destination registers or ports are driven by the same clock.  Paths of different clocks, including generated clocks, are ignored.  For paths between a clock and its inversion, FMAX is computed as if the rising and falling edges are scaled along with FMAX, such that the duty cycle (in terms of a percentage) is maintained. Altera recommends that you always use clock constraints and other slack reports for sign-off analysis.


+---------------------------------+
; Setup Summary                   ;
+-------+---------+---------------+
; Clock ; Slack   ; End Point TNS ;
+-------+---------+---------------+
; ARCLK ; -99.000 ; -99.000       ;
; DRCLK ; -99.000 ; -99.000       ;
; C25M  ; -9.555  ; -547.115      ;
+-------+---------+---------------+


+---------------------------------+
; Hold Summary                    ;
+-------+---------+---------------+
; Clock ; Slack   ; End Point TNS ;
+-------+---------+---------------+
; ARCLK ; -16.276 ; -16.276       ;
; DRCLK ; -16.256 ; -16.256       ;
; C25M  ; 1.377   ; 0.000         ;
+-------+---------+---------------+


--------------------
; Recovery Summary ;
--------------------
No paths to report.


-------------------
; Removal Summary ;
-------------------
No paths to report.


+---------------------------------+
; Minimum Pulse Width Summary     ;
+-------+---------+---------------+
; Clock ; Slack   ; End Point TNS ;
+-------+---------+---------------+
; ARCLK ; -29.500 ; -59.000       ;
; DRCLK ; -29.500 ; -59.000       ;
; C25M  ; -2.289  ; -2.289        ;
+-------+---------+---------------+


+---------------------------------------------------------------------------------------------------------------------------------------------------------------------------------------------------------------------------------------------------------------------------------------------------+
; Setup: 'ARCLK'                                                                                                                                                                                                                                                                                    ;
+---------+---------------------------------------------------------------------------------------------------------+---------------------------------------------------------------------------------------------------------+--------------+-------------+--------------+------------+------------+
; Slack   ; From Node                                                                                               ; To Node                                                                                                 ; Launch Clock ; Latch Clock ; Relationship ; Clock Skew ; Data Delay ;
+---------+---------------------------------------------------------------------------------------------------------+---------------------------------------------------------------------------------------------------------+--------------+-------------+--------------+------------+------------+
; -99.000 ; UFM:UFM_inst|UFM_altufm_none_0ep:UFM_altufm_none_0ep_component|maxii_ufm_block1~OBSERVABLEADDRESSREGOUT ; UFM:UFM_inst|UFM_altufm_none_0ep:UFM_altufm_none_0ep_component|maxii_ufm_block1~OBSERVABLEADDRESSREGOUT ; ARCLK        ; ARCLK       ; 1.000        ; 0.000      ; 80.000     ;
; -22.724 ; ARShift                                                                                                 ; UFM:UFM_inst|UFM_altufm_none_0ep:UFM_altufm_none_0ep_component|maxii_ufm_block1~OBSERVABLEADDRESSREGOUT ; C25M         ; ARCLK       ; 1.000        ; -2.195     ; 1.529      ;
+---------+---------------------------------------------------------------------------------------------------------+---------------------------------------------------------------------------------------------------------+--------------+-------------+--------------+------------+------------+


+---------------------------------------------------------------------------------------------------------------------------------------------------------------------------------------------------------------------------------------------------------------------------+
; Setup: 'DRCLK'                                                                                                                                                                                                                                                            ;
+---------+---------------------------------------------------------------------------------------------+---------------------------------------------------------------------------------------------+--------------+-------------+--------------+------------+------------+
; Slack   ; From Node                                                                                   ; To Node                                                                                     ; Launch Clock ; Latch Clock ; Relationship ; Clock Skew ; Data Delay ;
+---------+---------------------------------------------------------------------------------------------+---------------------------------------------------------------------------------------------+--------------+-------------+--------------+------------+------------+
; -99.000 ; UFM:UFM_inst|UFM_altufm_none_0ep:UFM_altufm_none_0ep_component|wire_maxii_ufm_block1_drdout ; UFM:UFM_inst|UFM_altufm_none_0ep:UFM_altufm_none_0ep_component|wire_maxii_ufm_block1_drdout ; DRCLK        ; DRCLK       ; 1.000        ; 0.000      ; 80.000     ;
; -22.744 ; DRShift                                                                                     ; UFM:UFM_inst|UFM_altufm_none_0ep:UFM_altufm_none_0ep_component|wire_maxii_ufm_block1_drdout ; C25M         ; DRCLK       ; 1.000        ; -2.195     ; 1.549      ;
+---------+---------------------------------------------------------------------------------------------+---------------------------------------------------------------------------------------------+--------------+-------------+--------------+------------+------------+


+------------------------------------------------------------------------------------------------------+
; Setup: 'C25M'                                                                                        ;
+--------+-----------+-----------+--------------+-------------+--------------+------------+------------+
; Slack  ; From Node ; To Node   ; Launch Clock ; Latch Clock ; Relationship ; Clock Skew ; Data Delay ;
+--------+-----------+-----------+--------------+-------------+--------------+------------+------------+
; -9.555 ; RAcur[9]  ; Addr[20]  ; C25M         ; C25M        ; 1.000        ; 0.000      ; 10.222     ;
; -9.517 ; RAcur[9]  ; Addr[12]  ; C25M         ; C25M        ; 1.000        ; 0.000      ; 10.184     ;
; -9.517 ; RAcur[9]  ; Addr[11]  ; C25M         ; C25M        ; 1.000        ; 0.000      ; 10.184     ;
; -9.517 ; RAcur[9]  ; Addr[8]   ; C25M         ; C25M        ; 1.000        ; 0.000      ; 10.184     ;
; -9.495 ; RAcur[9]  ; Addr[22]  ; C25M         ; C25M        ; 1.000        ; 0.000      ; 10.162     ;
; -9.495 ; RAcur[9]  ; Addr[14]  ; C25M         ; C25M        ; 1.000        ; 0.000      ; 10.162     ;
; -9.495 ; RAcur[9]  ; Addr[13]  ; C25M         ; C25M        ; 1.000        ; 0.000      ; 10.162     ;
; -9.495 ; RAcur[9]  ; Addr[18]  ; C25M         ; C25M        ; 1.000        ; 0.000      ; 10.162     ;
; -9.495 ; RAcur[9]  ; Addr[10]  ; C25M         ; C25M        ; 1.000        ; 0.000      ; 10.162     ;
; -9.352 ; RAcur[10] ; Addr[20]  ; C25M         ; C25M        ; 1.000        ; 0.000      ; 10.019     ;
; -9.333 ; RAcur[9]  ; Addr[16]  ; C25M         ; C25M        ; 1.000        ; 0.000      ; 10.000     ;
; -9.314 ; RAcur[10] ; Addr[12]  ; C25M         ; C25M        ; 1.000        ; 0.000      ; 9.981      ;
; -9.314 ; RAcur[10] ; Addr[11]  ; C25M         ; C25M        ; 1.000        ; 0.000      ; 9.981      ;
; -9.314 ; RAcur[10] ; Addr[8]   ; C25M         ; C25M        ; 1.000        ; 0.000      ; 9.981      ;
; -9.292 ; RAcur[10] ; Addr[22]  ; C25M         ; C25M        ; 1.000        ; 0.000      ; 9.959      ;
; -9.292 ; RAcur[10] ; Addr[14]  ; C25M         ; C25M        ; 1.000        ; 0.000      ; 9.959      ;
; -9.292 ; RAcur[10] ; Addr[13]  ; C25M         ; C25M        ; 1.000        ; 0.000      ; 9.959      ;
; -9.292 ; RAcur[10] ; Addr[18]  ; C25M         ; C25M        ; 1.000        ; 0.000      ; 9.959      ;
; -9.292 ; RAcur[10] ; Addr[10]  ; C25M         ; C25M        ; 1.000        ; 0.000      ; 9.959      ;
; -9.246 ; RAcur[3]  ; Addr[12]  ; C25M         ; C25M        ; 1.000        ; 0.000      ; 9.913      ;
; -9.246 ; RAcur[3]  ; Addr[11]  ; C25M         ; C25M        ; 1.000        ; 0.000      ; 9.913      ;
; -9.246 ; RAcur[3]  ; Addr[8]   ; C25M         ; C25M        ; 1.000        ; 0.000      ; 9.913      ;
; -9.224 ; RAcur[3]  ; Addr[14]  ; C25M         ; C25M        ; 1.000        ; 0.000      ; 9.891      ;
; -9.224 ; RAcur[3]  ; Addr[13]  ; C25M         ; C25M        ; 1.000        ; 0.000      ; 9.891      ;
; -9.224 ; RAcur[3]  ; Addr[10]  ; C25M         ; C25M        ; 1.000        ; 0.000      ; 9.891      ;
; -9.185 ; RAcur[9]  ; nRCS~reg0 ; C25M         ; C25M        ; 1.000        ; 0.000      ; 9.852      ;
; -9.130 ; RAcur[10] ; Addr[16]  ; C25M         ; C25M        ; 1.000        ; 0.000      ; 9.797      ;
; -9.101 ; RAcur[9]  ; Addr[5]   ; C25M         ; C25M        ; 1.000        ; 0.000      ; 9.768      ;
; -9.101 ; RAcur[9]  ; Addr[4]   ; C25M         ; C25M        ; 1.000        ; 0.000      ; 9.768      ;
; -9.089 ; RAcur[9]  ; Addr[7]   ; C25M         ; C25M        ; 1.000        ; 0.000      ; 9.756      ;
; -9.046 ; RAcur[9]  ; Addr[19]  ; C25M         ; C25M        ; 1.000        ; 0.000      ; 9.713      ;
; -9.025 ; RAcur[9]  ; Addr[17]  ; C25M         ; C25M        ; 1.000        ; 0.000      ; 9.692      ;
; -9.016 ; RAcur[3]  ; Addr[16]  ; C25M         ; C25M        ; 1.000        ; 0.000      ; 9.683      ;
; -8.997 ; RAcur[9]  ; Addr[21]  ; C25M         ; C25M        ; 1.000        ; 0.000      ; 9.664      ;
; -8.982 ; RAcur[10] ; nRCS~reg0 ; C25M         ; C25M        ; 1.000        ; 0.000      ; 9.649      ;
; -8.898 ; RAcur[10] ; Addr[5]   ; C25M         ; C25M        ; 1.000        ; 0.000      ; 9.565      ;
; -8.898 ; RAcur[10] ; Addr[4]   ; C25M         ; C25M        ; 1.000        ; 0.000      ; 9.565      ;
; -8.886 ; RAcur[10] ; Addr[7]   ; C25M         ; C25M        ; 1.000        ; 0.000      ; 9.553      ;
; -8.869 ; RAcur[3]  ; Addr[20]  ; C25M         ; C25M        ; 1.000        ; 0.000      ; 9.536      ;
; -8.847 ; RAcur[7]  ; Addr[20]  ; C25M         ; C25M        ; 1.000        ; 0.000      ; 9.514      ;
; -8.843 ; RAcur[10] ; Addr[19]  ; C25M         ; C25M        ; 1.000        ; 0.000      ; 9.510      ;
; -8.822 ; RAcur[8]  ; Addr[20]  ; C25M         ; C25M        ; 1.000        ; 0.000      ; 9.489      ;
; -8.822 ; RAcur[10] ; Addr[17]  ; C25M         ; C25M        ; 1.000        ; 0.000      ; 9.489      ;
; -8.809 ; RAcur[7]  ; Addr[12]  ; C25M         ; C25M        ; 1.000        ; 0.000      ; 9.476      ;
; -8.809 ; RAcur[7]  ; Addr[11]  ; C25M         ; C25M        ; 1.000        ; 0.000      ; 9.476      ;
; -8.809 ; RAcur[7]  ; Addr[8]   ; C25M         ; C25M        ; 1.000        ; 0.000      ; 9.476      ;
; -8.794 ; RAcur[10] ; Addr[21]  ; C25M         ; C25M        ; 1.000        ; 0.000      ; 9.461      ;
; -8.787 ; RAcur[7]  ; Addr[22]  ; C25M         ; C25M        ; 1.000        ; 0.000      ; 9.454      ;
; -8.787 ; RAcur[7]  ; Addr[14]  ; C25M         ; C25M        ; 1.000        ; 0.000      ; 9.454      ;
; -8.787 ; RAcur[7]  ; Addr[13]  ; C25M         ; C25M        ; 1.000        ; 0.000      ; 9.454      ;
; -8.787 ; RAcur[7]  ; Addr[18]  ; C25M         ; C25M        ; 1.000        ; 0.000      ; 9.454      ;
; -8.787 ; RAcur[7]  ; Addr[10]  ; C25M         ; C25M        ; 1.000        ; 0.000      ; 9.454      ;
; -8.784 ; RAcur[8]  ; Addr[12]  ; C25M         ; C25M        ; 1.000        ; 0.000      ; 9.451      ;
; -8.784 ; RAcur[8]  ; Addr[11]  ; C25M         ; C25M        ; 1.000        ; 0.000      ; 9.451      ;
; -8.784 ; RAcur[8]  ; Addr[8]   ; C25M         ; C25M        ; 1.000        ; 0.000      ; 9.451      ;
; -8.776 ; RAcur[3]  ; Addr[5]   ; C25M         ; C25M        ; 1.000        ; 0.000      ; 9.443      ;
; -8.776 ; RAcur[3]  ; Addr[4]   ; C25M         ; C25M        ; 1.000        ; 0.000      ; 9.443      ;
; -8.764 ; RAcur[3]  ; Addr[7]   ; C25M         ; C25M        ; 1.000        ; 0.000      ; 9.431      ;
; -8.762 ; RAcur[8]  ; Addr[22]  ; C25M         ; C25M        ; 1.000        ; 0.000      ; 9.429      ;
; -8.762 ; RAcur[8]  ; Addr[14]  ; C25M         ; C25M        ; 1.000        ; 0.000      ; 9.429      ;
; -8.762 ; RAcur[8]  ; Addr[13]  ; C25M         ; C25M        ; 1.000        ; 0.000      ; 9.429      ;
; -8.762 ; RAcur[8]  ; Addr[18]  ; C25M         ; C25M        ; 1.000        ; 0.000      ; 9.429      ;
; -8.762 ; RAcur[8]  ; Addr[10]  ; C25M         ; C25M        ; 1.000        ; 0.000      ; 9.429      ;
; -8.727 ; RACr      ; Addr[20]  ; C25M         ; C25M        ; 1.000        ; 0.000      ; 9.394      ;
; -8.709 ; LS[10]    ; SS[1]     ; C25M         ; C25M        ; 1.000        ; 0.000      ; 9.376      ;
; -8.709 ; LS[10]    ; SS[0]     ; C25M         ; C25M        ; 1.000        ; 0.000      ; 9.376      ;
; -8.708 ; RAcur[3]  ; Addr[17]  ; C25M         ; C25M        ; 1.000        ; 0.000      ; 9.375      ;
; -8.702 ; RAcur[2]  ; Addr[12]  ; C25M         ; C25M        ; 1.000        ; 0.000      ; 9.369      ;
; -8.702 ; RAcur[2]  ; Addr[11]  ; C25M         ; C25M        ; 1.000        ; 0.000      ; 9.369      ;
; -8.702 ; RAcur[2]  ; Addr[8]   ; C25M         ; C25M        ; 1.000        ; 0.000      ; 9.369      ;
; -8.696 ; RAcur[3]  ; Addr[18]  ; C25M         ; C25M        ; 1.000        ; 0.000      ; 9.363      ;
; -8.689 ; RACr      ; Addr[12]  ; C25M         ; C25M        ; 1.000        ; 0.000      ; 9.356      ;
; -8.689 ; RACr      ; Addr[11]  ; C25M         ; C25M        ; 1.000        ; 0.000      ; 9.356      ;
; -8.689 ; RACr      ; Addr[8]   ; C25M         ; C25M        ; 1.000        ; 0.000      ; 9.356      ;
; -8.686 ; RAcur[2]  ; Addr[20]  ; C25M         ; C25M        ; 1.000        ; 0.000      ; 9.353      ;
; -8.680 ; RAcur[2]  ; Addr[14]  ; C25M         ; C25M        ; 1.000        ; 0.000      ; 9.347      ;
; -8.680 ; RAcur[2]  ; Addr[13]  ; C25M         ; C25M        ; 1.000        ; 0.000      ; 9.347      ;
; -8.680 ; RAcur[2]  ; Addr[10]  ; C25M         ; C25M        ; 1.000        ; 0.000      ; 9.347      ;
; -8.667 ; RACr      ; Addr[22]  ; C25M         ; C25M        ; 1.000        ; 0.000      ; 9.334      ;
; -8.667 ; RACr      ; Addr[14]  ; C25M         ; C25M        ; 1.000        ; 0.000      ; 9.334      ;
; -8.667 ; RACr      ; Addr[13]  ; C25M         ; C25M        ; 1.000        ; 0.000      ; 9.334      ;
; -8.667 ; RACr      ; Addr[18]  ; C25M         ; C25M        ; 1.000        ; 0.000      ; 9.334      ;
; -8.667 ; RACr      ; Addr[10]  ; C25M         ; C25M        ; 1.000        ; 0.000      ; 9.334      ;
; -8.657 ; LS[14]    ; SS[1]     ; C25M         ; C25M        ; 1.000        ; 0.000      ; 9.324      ;
; -8.657 ; LS[14]    ; SS[0]     ; C25M         ; C25M        ; 1.000        ; 0.000      ; 9.324      ;
; -8.626 ; RAcur[1]  ; Addr[20]  ; C25M         ; C25M        ; 1.000        ; 0.000      ; 9.293      ;
; -8.626 ; RAcur[2]  ; Addr[22]  ; C25M         ; C25M        ; 1.000        ; 0.000      ; 9.293      ;
; -8.626 ; RAcur[2]  ; Addr[18]  ; C25M         ; C25M        ; 1.000        ; 0.000      ; 9.293      ;
; -8.625 ; RAcur[7]  ; Addr[16]  ; C25M         ; C25M        ; 1.000        ; 0.000      ; 9.292      ;
; -8.600 ; RAcur[8]  ; Addr[16]  ; C25M         ; C25M        ; 1.000        ; 0.000      ; 9.267      ;
; -8.566 ; RAcur[1]  ; Addr[22]  ; C25M         ; C25M        ; 1.000        ; 0.000      ; 9.233      ;
; -8.566 ; RAcur[1]  ; Addr[18]  ; C25M         ; C25M        ; 1.000        ; 0.000      ; 9.233      ;
; -8.550 ; Addr[15]  ; Addr[20]  ; C25M         ; C25M        ; 1.000        ; 0.000      ; 9.217      ;
; -8.539 ; RAcur[3]  ; Addr[21]  ; C25M         ; C25M        ; 1.000        ; 0.000      ; 9.206      ;
; -8.520 ; RAcur[3]  ; Addr[19]  ; C25M         ; C25M        ; 1.000        ; 0.000      ; 9.187      ;
; -8.514 ; RAcur[9]  ; nCAS~reg0 ; C25M         ; C25M        ; 1.000        ; 0.000      ; 9.181      ;
; -8.505 ; RACr      ; Addr[16]  ; C25M         ; C25M        ; 1.000        ; 0.000      ; 9.172      ;
; -8.490 ; Addr[15]  ; Addr[22]  ; C25M         ; C25M        ; 1.000        ; 0.000      ; 9.157      ;
; -8.490 ; Addr[15]  ; Addr[18]  ; C25M         ; C25M        ; 1.000        ; 0.000      ; 9.157      ;
; -8.477 ; RAcur[7]  ; nRCS~reg0 ; C25M         ; C25M        ; 1.000        ; 0.000      ; 9.144      ;
+--------+-----------+-----------+--------------+-------------+--------------+------------+------------+


+---------------------------------------------------------------------------------------------------------------------------------------------------------------------------------------------------------------------------------------------------------------------------------------------------+
; Hold: 'ARCLK'                                                                                                                                                                                                                                                                                     ;
+---------+---------------------------------------------------------------------------------------------------------+---------------------------------------------------------------------------------------------------------+--------------+-------------+--------------+------------+------------+
; Slack   ; From Node                                                                                               ; To Node                                                                                                 ; Launch Clock ; Latch Clock ; Relationship ; Clock Skew ; Data Delay ;
+---------+---------------------------------------------------------------------------------------------------------+---------------------------------------------------------------------------------------------------------+--------------+-------------+--------------+------------+------------+
; -16.276 ; ARShift                                                                                                 ; UFM:UFM_inst|UFM_altufm_none_0ep:UFM_altufm_none_0ep_component|maxii_ufm_block1~OBSERVABLEADDRESSREGOUT ; C25M         ; ARCLK       ; 0.000        ; -2.195     ; 1.529      ;
; 60.000  ; UFM:UFM_inst|UFM_altufm_none_0ep:UFM_altufm_none_0ep_component|maxii_ufm_block1~OBSERVABLEADDRESSREGOUT ; UFM:UFM_inst|UFM_altufm_none_0ep:UFM_altufm_none_0ep_component|maxii_ufm_block1~OBSERVABLEADDRESSREGOUT ; ARCLK        ; ARCLK       ; 0.000        ; 0.000      ; 80.000     ;
+---------+---------------------------------------------------------------------------------------------------------+---------------------------------------------------------------------------------------------------------+--------------+-------------+--------------+------------+------------+


+---------------------------------------------------------------------------------------------------------------------------------------------------------------------------------------------------------------------------------------------------------------------------+
; Hold: 'DRCLK'                                                                                                                                                                                                                                                             ;
+---------+---------------------------------------------------------------------------------------------+---------------------------------------------------------------------------------------------+--------------+-------------+--------------+------------+------------+
; Slack   ; From Node                                                                                   ; To Node                                                                                     ; Launch Clock ; Latch Clock ; Relationship ; Clock Skew ; Data Delay ;
+---------+---------------------------------------------------------------------------------------------+---------------------------------------------------------------------------------------------+--------------+-------------+--------------+------------+------------+
; -16.256 ; DRShift                                                                                     ; UFM:UFM_inst|UFM_altufm_none_0ep:UFM_altufm_none_0ep_component|wire_maxii_ufm_block1_drdout ; C25M         ; DRCLK       ; 0.000        ; -2.195     ; 1.549      ;
; 60.000  ; UFM:UFM_inst|UFM_altufm_none_0ep:UFM_altufm_none_0ep_component|wire_maxii_ufm_block1_drdout ; UFM:UFM_inst|UFM_altufm_none_0ep:UFM_altufm_none_0ep_component|wire_maxii_ufm_block1_drdout ; DRCLK        ; DRCLK       ; 0.000        ; 0.000      ; 80.000     ;
+---------+---------------------------------------------------------------------------------------------+---------------------------------------------------------------------------------------------+--------------+-------------+--------------+------------+------------+


+-----------------------------------------------------------------------------------------------------------+
; Hold: 'C25M'                                                                                              ;
+-------+--------------+--------------+--------------+-------------+--------------+------------+------------+
; Slack ; From Node    ; To Node      ; Launch Clock ; Latch Clock ; Relationship ; Clock Skew ; Data Delay ;
+-------+--------------+--------------+--------------+-------------+--------------+------------+------------+
; 1.377 ; PHI0r1       ; PHI0r2       ; C25M         ; C25M        ; 0.000        ; 0.000      ; 1.598      ;
; 1.646 ; DEVSELr      ; nSWE~reg0    ; C25M         ; C25M        ; 0.000        ; 0.000      ; 1.867      ;
; 1.649 ; LS[17]       ; LS[17]       ; C25M         ; C25M        ; 0.000        ; 0.000      ; 1.870      ;
; 1.668 ; RefReqd      ; RefReqd      ; C25M         ; C25M        ; 0.000        ; 0.000      ; 1.889      ;
; 1.674 ; LS[0]        ; LS[0]        ; C25M         ; C25M        ; 0.000        ; 0.000      ; 1.895      ;
; 1.702 ; PS[2]        ; PS[2]        ; C25M         ; C25M        ; 0.000        ; 0.000      ; 1.923      ;
; 1.705 ; PS[2]        ; RCKE~reg0    ; C25M         ; C25M        ; 0.000        ; 0.000      ; 1.926      ;
; 1.709 ; PS[0]        ; PS[1]        ; C25M         ; C25M        ; 0.000        ; 0.000      ; 1.930      ;
; 1.711 ; PS[2]        ; Amux[0]      ; C25M         ; C25M        ; 0.000        ; 0.000      ; 1.932      ;
; 1.889 ; nRESr0       ; nRESr        ; C25M         ; C25M        ; -0.500       ; 0.000      ; 1.610      ;
; 1.893 ; PHI0r0       ; PHI0r1       ; C25M         ; C25M        ; -0.500       ; 0.000      ; 1.614      ;
; 1.922 ; IOSELr       ; IOROMEN      ; C25M         ; C25M        ; 0.000        ; 0.000      ; 2.143      ;
; 1.936 ; MOSIOE       ; MOSIOE       ; C25M         ; C25M        ; 0.000        ; 0.000      ; 2.157      ;
; 1.948 ; PS[1]        ; PS[1]        ; C25M         ; C25M        ; 0.000        ; 0.000      ; 2.169      ;
; 2.108 ; LS[6]        ; LS[6]        ; C25M         ; C25M        ; 0.000        ; 0.000      ; 2.329      ;
; 2.116 ; LS[9]        ; LS[9]        ; C25M         ; C25M        ; 0.000        ; 0.000      ; 2.337      ;
; 2.117 ; LS[1]        ; LS[1]        ; C25M         ; C25M        ; 0.000        ; 0.000      ; 2.338      ;
; 2.117 ; LS[16]       ; LS[16]       ; C25M         ; C25M        ; 0.000        ; 0.000      ; 2.338      ;
; 2.117 ; LS[10]       ; LS[10]       ; C25M         ; C25M        ; 0.000        ; 0.000      ; 2.338      ;
; 2.117 ; LS[11]       ; LS[11]       ; C25M         ; C25M        ; 0.000        ; 0.000      ; 2.338      ;
; 2.117 ; LS[8]        ; LS[8]        ; C25M         ; C25M        ; 0.000        ; 0.000      ; 2.338      ;
; 2.135 ; REGEN        ; REGEN        ; C25M         ; C25M        ; 0.000        ; 0.000      ; 2.356      ;
; 2.152 ; nRESout~reg0 ; nRESout~reg0 ; C25M         ; C25M        ; 0.000        ; 0.000      ; 2.373      ;
; 2.154 ; LS[0]        ; FCK~reg0     ; C25M         ; C25M        ; 0.000        ; 0.000      ; 2.375      ;
; 2.161 ; nRESout~reg0 ; MOSIOE       ; C25M         ; C25M        ; 0.000        ; 0.000      ; 2.382      ;
; 2.162 ; IOSELr0      ; IOSELr       ; C25M         ; C25M        ; -0.500       ; 0.000      ; 1.883      ;
; 2.177 ; PS[1]        ; nCAS~reg0    ; C25M         ; C25M        ; 0.000        ; 0.000      ; 2.398      ;
; 2.182 ; PS[0]        ; nSWE~reg0    ; C25M         ; C25M        ; 0.000        ; 0.000      ; 2.403      ;
; 2.221 ; LS[12]       ; LS[12]       ; C25M         ; C25M        ; 0.000        ; 0.000      ; 2.442      ;
; 2.230 ; FCS          ; FCS          ; C25M         ; C25M        ; 0.000        ; 0.000      ; 2.451      ;
; 2.234 ; IOROMEN      ; IOROMEN      ; C25M         ; C25M        ; 0.000        ; 0.000      ; 2.455      ;
; 2.236 ; IOSELr       ; REGEN        ; C25M         ; C25M        ; 0.000        ; 0.000      ; 2.457      ;
; 2.239 ; LS[4]        ; LS[4]        ; C25M         ; C25M        ; 0.000        ; 0.000      ; 2.460      ;
; 2.239 ; LS[5]        ; LS[5]        ; C25M         ; C25M        ; 0.000        ; 0.000      ; 2.460      ;
; 2.248 ; LS[15]       ; LS[15]       ; C25M         ; C25M        ; 0.000        ; 0.000      ; 2.469      ;
; 2.249 ; LS[7]        ; LS[7]        ; C25M         ; C25M        ; 0.000        ; 0.000      ; 2.470      ;
; 2.250 ; LS[3]        ; LS[3]        ; C25M         ; C25M        ; 0.000        ; 0.000      ; 2.471      ;
; 2.251 ; LS[2]        ; LS[2]        ; C25M         ; C25M        ; 0.000        ; 0.000      ; 2.472      ;
; 2.261 ; LS[13]       ; LS[13]       ; C25M         ; C25M        ; 0.000        ; 0.000      ; 2.482      ;
; 2.261 ; LS[14]       ; LS[14]       ; C25M         ; C25M        ; 0.000        ; 0.000      ; 2.482      ;
; 2.442 ; PS[2]        ; nSWE~reg0    ; C25M         ; C25M        ; 0.000        ; 0.000      ; 2.663      ;
; 2.512 ; MOSIout      ; WRD[6]       ; C25M         ; C25M        ; 0.000        ; 0.000      ; 2.733      ;
; 2.547 ; PHI0r1       ; PS[0]        ; C25M         ; C25M        ; 0.000        ; 0.000      ; 2.768      ;
; 2.581 ; DEVSELr      ; nCAS~reg0    ; C25M         ; C25M        ; 0.000        ; 0.000      ; 2.802      ;
; 2.602 ; RACr         ; Amux[1]      ; C25M         ; C25M        ; 0.000        ; 0.000      ; 2.823      ;
; 2.647 ; PS[2]        ; PS[0]        ; C25M         ; C25M        ; 0.000        ; 0.000      ; 2.868      ;
; 2.647 ; PS[2]        ; nRCS~reg0    ; C25M         ; C25M        ; 0.000        ; 0.000      ; 2.868      ;
; 2.736 ; PS[1]        ; PS[2]        ; C25M         ; C25M        ; 0.000        ; 0.000      ; 2.957      ;
; 2.738 ; PS[1]        ; RCKE~reg0    ; C25M         ; C25M        ; 0.000        ; 0.000      ; 2.959      ;
; 2.742 ; PS[1]        ; Amux[0]      ; C25M         ; C25M        ; 0.000        ; 0.000      ; 2.963      ;
; 2.766 ; PS[0]        ; nCAS~reg0    ; C25M         ; C25M        ; 0.000        ; 0.000      ; 2.987      ;
; 2.811 ; SS[1]        ; DRShift      ; C25M         ; C25M        ; 0.000        ; 0.000      ; 3.032      ;
; 2.811 ; SS[1]        ; ARCLK        ; C25M         ; C25M        ; 0.000        ; 0.000      ; 3.032      ;
; 2.811 ; SS[1]        ; ARShift      ; C25M         ; C25M        ; 0.000        ; 0.000      ; 3.032      ;
; 2.816 ; SS[1]        ; DRCLK        ; C25M         ; C25M        ; 0.000        ; 0.000      ; 3.037      ;
; 2.860 ; DEVSELr0     ; DEVSELr      ; C25M         ; C25M        ; -0.500       ; 0.000      ; 2.581      ;
; 2.917 ; SS[0]        ; ARCLK        ; C25M         ; C25M        ; 0.000        ; 0.000      ; 3.138      ;
; 2.920 ; IOSTRBr0     ; IOSTRBr      ; C25M         ; C25M        ; -0.500       ; 0.000      ; 2.641      ;
; 2.922 ; SS[0]        ; DRShift      ; C25M         ; C25M        ; 0.000        ; 0.000      ; 3.143      ;
; 2.927 ; SS[0]        ; DRCLK        ; C25M         ; C25M        ; 0.000        ; 0.000      ; 3.148      ;
; 2.940 ; LS[6]        ; LS[7]        ; C25M         ; C25M        ; 0.000        ; 0.000      ; 3.161      ;
; 2.948 ; LS[9]        ; LS[10]       ; C25M         ; C25M        ; 0.000        ; 0.000      ; 3.169      ;
; 2.949 ; LS[16]       ; LS[17]       ; C25M         ; C25M        ; 0.000        ; 0.000      ; 3.170      ;
; 2.949 ; LS[11]       ; LS[12]       ; C25M         ; C25M        ; 0.000        ; 0.000      ; 3.170      ;
; 2.949 ; LS[1]        ; LS[2]        ; C25M         ; C25M        ; 0.000        ; 0.000      ; 3.170      ;
; 2.949 ; LS[10]       ; LS[11]       ; C25M         ; C25M        ; 0.000        ; 0.000      ; 3.170      ;
; 3.051 ; LS[6]        ; LS[8]        ; C25M         ; C25M        ; 0.000        ; 0.000      ; 3.272      ;
; 3.051 ; PS[2]        ; nCAS~reg0    ; C25M         ; C25M        ; 0.000        ; 0.000      ; 3.272      ;
; 3.059 ; LS[9]        ; LS[11]       ; C25M         ; C25M        ; 0.000        ; 0.000      ; 3.280      ;
; 3.060 ; LS[1]        ; LS[3]        ; C25M         ; C25M        ; 0.000        ; 0.000      ; 3.281      ;
; 3.060 ; LS[11]       ; LS[13]       ; C25M         ; C25M        ; 0.000        ; 0.000      ; 3.281      ;
; 3.060 ; LS[10]       ; LS[12]       ; C25M         ; C25M        ; 0.000        ; 0.000      ; 3.281      ;
; 3.075 ; LS[1]        ; nRESout~reg0 ; C25M         ; C25M        ; 0.000        ; 0.000      ; 3.296      ;
; 3.109 ; RACr         ; nRAS~reg0    ; C25M         ; C25M        ; 0.000        ; 0.000      ; 3.330      ;
; 3.127 ; Addr[4]      ; Addr[4]      ; C25M         ; C25M        ; 0.000        ; 0.000      ; 3.348      ;
; 3.133 ; Addr[5]      ; Addr[5]      ; C25M         ; C25M        ; 0.000        ; 0.000      ; 3.354      ;
; 3.161 ; LS[12]       ; LS[13]       ; C25M         ; C25M        ; 0.000        ; 0.000      ; 3.382      ;
; 3.170 ; LS[9]        ; LS[12]       ; C25M         ; C25M        ; 0.000        ; 0.000      ; 3.391      ;
; 3.171 ; LS[10]       ; LS[13]       ; C25M         ; C25M        ; 0.000        ; 0.000      ; 3.392      ;
; 3.175 ; PS[2]        ; Amux[1]      ; C25M         ; C25M        ; 0.000        ; 0.000      ; 3.396      ;
; 3.179 ; LS[5]        ; LS[6]        ; C25M         ; C25M        ; 0.000        ; 0.000      ; 3.400      ;
; 3.179 ; LS[4]        ; LS[5]        ; C25M         ; C25M        ; 0.000        ; 0.000      ; 3.400      ;
; 3.188 ; LS[15]       ; LS[16]       ; C25M         ; C25M        ; 0.000        ; 0.000      ; 3.409      ;
; 3.189 ; LS[7]        ; LS[8]        ; C25M         ; C25M        ; 0.000        ; 0.000      ; 3.410      ;
; 3.191 ; LS[2]        ; LS[3]        ; C25M         ; C25M        ; 0.000        ; 0.000      ; 3.412      ;
; 3.200 ; PS[1]        ; PS[0]        ; C25M         ; C25M        ; 0.000        ; 0.000      ; 3.421      ;
; 3.201 ; LS[14]       ; LS[15]       ; C25M         ; C25M        ; 0.000        ; 0.000      ; 3.422      ;
; 3.203 ; PS[1]        ; nSWE~reg0    ; C25M         ; C25M        ; 0.000        ; 0.000      ; 3.424      ;
; 3.204 ; MOSIOE       ; WRD[6]       ; C25M         ; C25M        ; 0.000        ; 0.000      ; 3.425      ;
; 3.217 ; FCKEN        ; FCK~reg0     ; C25M         ; C25M        ; 0.000        ; 0.000      ; 3.438      ;
; 3.224 ; LS[0]        ; LS[1]        ; C25M         ; C25M        ; 0.000        ; 0.000      ; 3.445      ;
; 3.241 ; IOSTRBr      ; IOROMEN      ; C25M         ; C25M        ; 0.000        ; 0.000      ; 3.462      ;
; 3.241 ; PS[1]        ; nRCS~reg0    ; C25M         ; C25M        ; 0.000        ; 0.000      ; 3.462      ;
; 3.243 ; IOSTRBr      ; REGEN        ; C25M         ; C25M        ; 0.000        ; 0.000      ; 3.464      ;
; 3.252 ; DEVSELr      ; nRCS~reg0    ; C25M         ; C25M        ; 0.000        ; 0.000      ; 3.473      ;
; 3.256 ; FCKEN        ; FCKEN        ; C25M         ; C25M        ; 0.000        ; 0.000      ; 3.477      ;
; 3.281 ; LS[1]        ; MOSIout      ; C25M         ; C25M        ; 0.000        ; 0.000      ; 3.502      ;
; 3.281 ; nRESr        ; PS[0]        ; C25M         ; C25M        ; 0.000        ; 0.000      ; 3.502      ;
; 3.281 ; LS[9]        ; LS[13]       ; C25M         ; C25M        ; 0.000        ; 0.000      ; 3.502      ;
; 3.290 ; LS[5]        ; LS[7]        ; C25M         ; C25M        ; 0.000        ; 0.000      ; 3.511      ;
+-------+--------------+--------------+--------------+-------------+--------------+------------+------------+


+-------------------------------------------------------------------------------------------------------------------------------------------------------------------------------------------+
; Minimum Pulse Width: 'ARCLK'                                                                                                                                                              ;
+---------+--------------+----------------+------------------+-------+------------+---------------------------------------------------------------------------------------------------------+
; Slack   ; Actual Width ; Required Width ; Type             ; Clock ; Clock Edge ; Target                                                                                                  ;
+---------+--------------+----------------+------------------+-------+------------+---------------------------------------------------------------------------------------------------------+
; -29.500 ; 0.500        ; 30.000         ; High Pulse Width ; ARCLK ; Rise       ; UFM:UFM_inst|UFM_altufm_none_0ep:UFM_altufm_none_0ep_component|maxii_ufm_block1~OBSERVABLEADDRESSREGOUT ;
; -29.500 ; 0.500        ; 30.000         ; Low Pulse Width  ; ARCLK ; Rise       ; UFM:UFM_inst|UFM_altufm_none_0ep:UFM_altufm_none_0ep_component|maxii_ufm_block1~OBSERVABLEADDRESSREGOUT ;
; 0.500   ; 0.500        ; 0.000          ; High Pulse Width ; ARCLK ; Rise       ; ARCLK|regout                                                                                            ;
; 0.500   ; 0.500        ; 0.000          ; Low Pulse Width  ; ARCLK ; Rise       ; ARCLK|regout                                                                                            ;
; 0.500   ; 0.500        ; 0.000          ; High Pulse Width ; ARCLK ; Rise       ; UFM_inst|UFM_altufm_none_0ep_component|maxii_ufm_block1|arclk                                           ;
; 0.500   ; 0.500        ; 0.000          ; Low Pulse Width  ; ARCLK ; Rise       ; UFM_inst|UFM_altufm_none_0ep_component|maxii_ufm_block1|arclk                                           ;
+---------+--------------+----------------+------------------+-------+------------+---------------------------------------------------------------------------------------------------------+


+-------------------------------------------------------------------------------------------------------------------------------------------------------------------------------+
; Minimum Pulse Width: 'DRCLK'                                                                                                                                                  ;
+---------+--------------+----------------+------------------+-------+------------+---------------------------------------------------------------------------------------------+
; Slack   ; Actual Width ; Required Width ; Type             ; Clock ; Clock Edge ; Target                                                                                      ;
+---------+--------------+----------------+------------------+-------+------------+---------------------------------------------------------------------------------------------+
; -29.500 ; 0.500        ; 30.000         ; High Pulse Width ; DRCLK ; Rise       ; UFM:UFM_inst|UFM_altufm_none_0ep:UFM_altufm_none_0ep_component|wire_maxii_ufm_block1_drdout ;
; -29.500 ; 0.500        ; 30.000         ; Low Pulse Width  ; DRCLK ; Rise       ; UFM:UFM_inst|UFM_altufm_none_0ep:UFM_altufm_none_0ep_component|wire_maxii_ufm_block1_drdout ;
; 0.500   ; 0.500        ; 0.000          ; High Pulse Width ; DRCLK ; Rise       ; DRCLK|regout                                                                                ;
; 0.500   ; 0.500        ; 0.000          ; Low Pulse Width  ; DRCLK ; Rise       ; DRCLK|regout                                                                                ;
; 0.500   ; 0.500        ; 0.000          ; High Pulse Width ; DRCLK ; Rise       ; UFM_inst|UFM_altufm_none_0ep_component|maxii_ufm_block1|drclk                               ;
; 0.500   ; 0.500        ; 0.000          ; Low Pulse Width  ; DRCLK ; Rise       ; UFM_inst|UFM_altufm_none_0ep_component|maxii_ufm_block1|drclk                               ;
+---------+--------------+----------------+------------------+-------+------------+---------------------------------------------------------------------------------------------+


+-------------------------------------------------------------------------------------------+
; Minimum Pulse Width: 'C25M'                                                               ;
+--------+--------------+----------------+------------------+-------+------------+----------+
; Slack  ; Actual Width ; Required Width ; Type             ; Clock ; Clock Edge ; Target   ;
+--------+--------------+----------------+------------------+-------+------------+----------+
; -2.289 ; 1.000        ; 3.289          ; Port Rate        ; C25M  ; Rise       ; C25M     ;
; 0.234  ; 0.500        ; 0.266          ; High Pulse Width ; C25M  ; Rise       ; ARCLK    ;
; 0.234  ; 0.500        ; 0.266          ; Low Pulse Width  ; C25M  ; Rise       ; ARCLK    ;
; 0.234  ; 0.500        ; 0.266          ; High Pulse Width ; C25M  ; Rise       ; ARShift  ;
; 0.234  ; 0.500        ; 0.266          ; Low Pulse Width  ; C25M  ; Rise       ; ARShift  ;
; 0.234  ; 0.500        ; 0.266          ; High Pulse Width ; C25M  ; Rise       ; Addr[0]  ;
; 0.234  ; 0.500        ; 0.266          ; Low Pulse Width  ; C25M  ; Rise       ; Addr[0]  ;
; 0.234  ; 0.500        ; 0.266          ; High Pulse Width ; C25M  ; Rise       ; Addr[10] ;
; 0.234  ; 0.500        ; 0.266          ; Low Pulse Width  ; C25M  ; Rise       ; Addr[10] ;
; 0.234  ; 0.500        ; 0.266          ; High Pulse Width ; C25M  ; Rise       ; Addr[11] ;
; 0.234  ; 0.500        ; 0.266          ; Low Pulse Width  ; C25M  ; Rise       ; Addr[11] ;
; 0.234  ; 0.500        ; 0.266          ; High Pulse Width ; C25M  ; Rise       ; Addr[12] ;
; 0.234  ; 0.500        ; 0.266          ; Low Pulse Width  ; C25M  ; Rise       ; Addr[12] ;
; 0.234  ; 0.500        ; 0.266          ; High Pulse Width ; C25M  ; Rise       ; Addr[13] ;
; 0.234  ; 0.500        ; 0.266          ; Low Pulse Width  ; C25M  ; Rise       ; Addr[13] ;
; 0.234  ; 0.500        ; 0.266          ; High Pulse Width ; C25M  ; Rise       ; Addr[14] ;
; 0.234  ; 0.500        ; 0.266          ; Low Pulse Width  ; C25M  ; Rise       ; Addr[14] ;
; 0.234  ; 0.500        ; 0.266          ; High Pulse Width ; C25M  ; Rise       ; Addr[15] ;
; 0.234  ; 0.500        ; 0.266          ; Low Pulse Width  ; C25M  ; Rise       ; Addr[15] ;
; 0.234  ; 0.500        ; 0.266          ; High Pulse Width ; C25M  ; Rise       ; Addr[16] ;
; 0.234  ; 0.500        ; 0.266          ; Low Pulse Width  ; C25M  ; Rise       ; Addr[16] ;
; 0.234  ; 0.500        ; 0.266          ; High Pulse Width ; C25M  ; Rise       ; Addr[17] ;
; 0.234  ; 0.500        ; 0.266          ; Low Pulse Width  ; C25M  ; Rise       ; Addr[17] ;
; 0.234  ; 0.500        ; 0.266          ; High Pulse Width ; C25M  ; Rise       ; Addr[18] ;
; 0.234  ; 0.500        ; 0.266          ; Low Pulse Width  ; C25M  ; Rise       ; Addr[18] ;
; 0.234  ; 0.500        ; 0.266          ; High Pulse Width ; C25M  ; Rise       ; Addr[19] ;
; 0.234  ; 0.500        ; 0.266          ; Low Pulse Width  ; C25M  ; Rise       ; Addr[19] ;
; 0.234  ; 0.500        ; 0.266          ; High Pulse Width ; C25M  ; Rise       ; Addr[1]  ;
; 0.234  ; 0.500        ; 0.266          ; Low Pulse Width  ; C25M  ; Rise       ; Addr[1]  ;
; 0.234  ; 0.500        ; 0.266          ; High Pulse Width ; C25M  ; Rise       ; Addr[20] ;
; 0.234  ; 0.500        ; 0.266          ; Low Pulse Width  ; C25M  ; Rise       ; Addr[20] ;
; 0.234  ; 0.500        ; 0.266          ; High Pulse Width ; C25M  ; Rise       ; Addr[21] ;
; 0.234  ; 0.500        ; 0.266          ; Low Pulse Width  ; C25M  ; Rise       ; Addr[21] ;
; 0.234  ; 0.500        ; 0.266          ; High Pulse Width ; C25M  ; Rise       ; Addr[22] ;
; 0.234  ; 0.500        ; 0.266          ; Low Pulse Width  ; C25M  ; Rise       ; Addr[22] ;
; 0.234  ; 0.500        ; 0.266          ; High Pulse Width ; C25M  ; Rise       ; Addr[2]  ;
; 0.234  ; 0.500        ; 0.266          ; Low Pulse Width  ; C25M  ; Rise       ; Addr[2]  ;
; 0.234  ; 0.500        ; 0.266          ; High Pulse Width ; C25M  ; Rise       ; Addr[3]  ;
; 0.234  ; 0.500        ; 0.266          ; Low Pulse Width  ; C25M  ; Rise       ; Addr[3]  ;
; 0.234  ; 0.500        ; 0.266          ; High Pulse Width ; C25M  ; Rise       ; Addr[4]  ;
; 0.234  ; 0.500        ; 0.266          ; Low Pulse Width  ; C25M  ; Rise       ; Addr[4]  ;
; 0.234  ; 0.500        ; 0.266          ; High Pulse Width ; C25M  ; Rise       ; Addr[5]  ;
; 0.234  ; 0.500        ; 0.266          ; Low Pulse Width  ; C25M  ; Rise       ; Addr[5]  ;
; 0.234  ; 0.500        ; 0.266          ; High Pulse Width ; C25M  ; Rise       ; Addr[6]  ;
; 0.234  ; 0.500        ; 0.266          ; Low Pulse Width  ; C25M  ; Rise       ; Addr[6]  ;
; 0.234  ; 0.500        ; 0.266          ; High Pulse Width ; C25M  ; Rise       ; Addr[7]  ;
; 0.234  ; 0.500        ; 0.266          ; Low Pulse Width  ; C25M  ; Rise       ; Addr[7]  ;
; 0.234  ; 0.500        ; 0.266          ; High Pulse Width ; C25M  ; Rise       ; Addr[8]  ;
; 0.234  ; 0.500        ; 0.266          ; Low Pulse Width  ; C25M  ; Rise       ; Addr[8]  ;
; 0.234  ; 0.500        ; 0.266          ; High Pulse Width ; C25M  ; Rise       ; Addr[9]  ;
; 0.234  ; 0.500        ; 0.266          ; Low Pulse Width  ; C25M  ; Rise       ; Addr[9]  ;
; 0.234  ; 0.500        ; 0.266          ; High Pulse Width ; C25M  ; Rise       ; Amux[0]  ;
; 0.234  ; 0.500        ; 0.266          ; Low Pulse Width  ; C25M  ; Rise       ; Amux[0]  ;
; 0.234  ; 0.500        ; 0.266          ; High Pulse Width ; C25M  ; Rise       ; Amux[1]  ;
; 0.234  ; 0.500        ; 0.266          ; Low Pulse Width  ; C25M  ; Rise       ; Amux[1]  ;
; 0.234  ; 0.500        ; 0.266          ; High Pulse Width ; C25M  ; Rise       ; Amux[2]  ;
; 0.234  ; 0.500        ; 0.266          ; Low Pulse Width  ; C25M  ; Rise       ; Amux[2]  ;
; 0.234  ; 0.500        ; 0.266          ; High Pulse Width ; C25M  ; Rise       ; DEVSELr  ;
; 0.234  ; 0.500        ; 0.266          ; Low Pulse Width  ; C25M  ; Rise       ; DEVSELr  ;
; 0.234  ; 0.500        ; 0.266          ; High Pulse Width ; C25M  ; Fall       ; DEVSELr0 ;
; 0.234  ; 0.500        ; 0.266          ; Low Pulse Width  ; C25M  ; Fall       ; DEVSELr0 ;
; 0.234  ; 0.500        ; 0.266          ; High Pulse Width ; C25M  ; Rise       ; DRCLK    ;
; 0.234  ; 0.500        ; 0.266          ; Low Pulse Width  ; C25M  ; Rise       ; DRCLK    ;
; 0.234  ; 0.500        ; 0.266          ; High Pulse Width ; C25M  ; Rise       ; DRShift  ;
; 0.234  ; 0.500        ; 0.266          ; Low Pulse Width  ; C25M  ; Rise       ; DRShift  ;
; 0.234  ; 0.500        ; 0.266          ; High Pulse Width ; C25M  ; Rise       ; FCKEN    ;
; 0.234  ; 0.500        ; 0.266          ; Low Pulse Width  ; C25M  ; Rise       ; FCKEN    ;
; 0.234  ; 0.500        ; 0.266          ; High Pulse Width ; C25M  ; Rise       ; FCK~reg0 ;
; 0.234  ; 0.500        ; 0.266          ; Low Pulse Width  ; C25M  ; Rise       ; FCK~reg0 ;
; 0.234  ; 0.500        ; 0.266          ; High Pulse Width ; C25M  ; Rise       ; FCS      ;
; 0.234  ; 0.500        ; 0.266          ; Low Pulse Width  ; C25M  ; Rise       ; FCS      ;
; 0.234  ; 0.500        ; 0.266          ; High Pulse Width ; C25M  ; Rise       ; IOROMEN  ;
; 0.234  ; 0.500        ; 0.266          ; Low Pulse Width  ; C25M  ; Rise       ; IOROMEN  ;
; 0.234  ; 0.500        ; 0.266          ; High Pulse Width ; C25M  ; Rise       ; IOSELr   ;
; 0.234  ; 0.500        ; 0.266          ; Low Pulse Width  ; C25M  ; Rise       ; IOSELr   ;
; 0.234  ; 0.500        ; 0.266          ; High Pulse Width ; C25M  ; Fall       ; IOSELr0  ;
; 0.234  ; 0.500        ; 0.266          ; Low Pulse Width  ; C25M  ; Fall       ; IOSELr0  ;
; 0.234  ; 0.500        ; 0.266          ; High Pulse Width ; C25M  ; Rise       ; IOSTRBr  ;
; 0.234  ; 0.500        ; 0.266          ; Low Pulse Width  ; C25M  ; Rise       ; IOSTRBr  ;
; 0.234  ; 0.500        ; 0.266          ; High Pulse Width ; C25M  ; Fall       ; IOSTRBr0 ;
; 0.234  ; 0.500        ; 0.266          ; Low Pulse Width  ; C25M  ; Fall       ; IOSTRBr0 ;
; 0.234  ; 0.500        ; 0.266          ; High Pulse Width ; C25M  ; Rise       ; LS[0]    ;
; 0.234  ; 0.500        ; 0.266          ; Low Pulse Width  ; C25M  ; Rise       ; LS[0]    ;
; 0.234  ; 0.500        ; 0.266          ; High Pulse Width ; C25M  ; Rise       ; LS[10]   ;
; 0.234  ; 0.500        ; 0.266          ; Low Pulse Width  ; C25M  ; Rise       ; LS[10]   ;
; 0.234  ; 0.500        ; 0.266          ; High Pulse Width ; C25M  ; Rise       ; LS[11]   ;
; 0.234  ; 0.500        ; 0.266          ; Low Pulse Width  ; C25M  ; Rise       ; LS[11]   ;
; 0.234  ; 0.500        ; 0.266          ; High Pulse Width ; C25M  ; Rise       ; LS[12]   ;
; 0.234  ; 0.500        ; 0.266          ; Low Pulse Width  ; C25M  ; Rise       ; LS[12]   ;
; 0.234  ; 0.500        ; 0.266          ; High Pulse Width ; C25M  ; Rise       ; LS[13]   ;
; 0.234  ; 0.500        ; 0.266          ; Low Pulse Width  ; C25M  ; Rise       ; LS[13]   ;
; 0.234  ; 0.500        ; 0.266          ; High Pulse Width ; C25M  ; Rise       ; LS[14]   ;
; 0.234  ; 0.500        ; 0.266          ; Low Pulse Width  ; C25M  ; Rise       ; LS[14]   ;
; 0.234  ; 0.500        ; 0.266          ; High Pulse Width ; C25M  ; Rise       ; LS[15]   ;
; 0.234  ; 0.500        ; 0.266          ; Low Pulse Width  ; C25M  ; Rise       ; LS[15]   ;
; 0.234  ; 0.500        ; 0.266          ; High Pulse Width ; C25M  ; Rise       ; LS[16]   ;
; 0.234  ; 0.500        ; 0.266          ; Low Pulse Width  ; C25M  ; Rise       ; LS[16]   ;
; 0.234  ; 0.500        ; 0.266          ; High Pulse Width ; C25M  ; Rise       ; LS[17]   ;
; 0.234  ; 0.500        ; 0.266          ; Low Pulse Width  ; C25M  ; Rise       ; LS[17]   ;
; 0.234  ; 0.500        ; 0.266          ; High Pulse Width ; C25M  ; Rise       ; LS[1]    ;
+--------+--------------+----------------+------------------+-------+------------+----------+


+-------------------------------------------------------------------------+
; Setup Times                                                             ;
+-----------+------------+--------+--------+------------+-----------------+
; Data Port ; Clock Port ; Rise   ; Fall   ; Clock Edge ; Clock Reference ;
+-----------+------------+--------+--------+------------+-----------------+
; MISO      ; C25M       ; 2.718  ; 2.718  ; Rise       ; C25M            ;
; RA[*]     ; C25M       ; 4.985  ; 4.985  ; Rise       ; C25M            ;
;  RA[0]    ; C25M       ; 3.094  ; 3.094  ; Rise       ; C25M            ;
;  RA[1]    ; C25M       ; 2.761  ; 2.761  ; Rise       ; C25M            ;
;  RA[2]    ; C25M       ; 1.816  ; 1.816  ; Rise       ; C25M            ;
;  RA[3]    ; C25M       ; 3.690  ; 3.690  ; Rise       ; C25M            ;
;  RA[4]    ; C25M       ; 3.968  ; 3.968  ; Rise       ; C25M            ;
;  RA[5]    ; C25M       ; 1.839  ; 1.839  ; Rise       ; C25M            ;
;  RA[6]    ; C25M       ; 4.985  ; 4.985  ; Rise       ; C25M            ;
;  RA[7]    ; C25M       ; 2.923  ; 2.923  ; Rise       ; C25M            ;
;  RA[8]    ; C25M       ; 2.713  ; 2.713  ; Rise       ; C25M            ;
;  RA[9]    ; C25M       ; 2.954  ; 2.954  ; Rise       ; C25M            ;
;  RA[10]   ; C25M       ; 3.104  ; 3.104  ; Rise       ; C25M            ;
;  RA[11]   ; C25M       ; 3.143  ; 3.143  ; Rise       ; C25M            ;
;  RA[12]   ; C25M       ; 3.138  ; 3.138  ; Rise       ; C25M            ;
;  RA[13]   ; C25M       ; 2.941  ; 2.941  ; Rise       ; C25M            ;
;  RA[14]   ; C25M       ; 2.693  ; 2.693  ; Rise       ; C25M            ;
;  RA[15]   ; C25M       ; 2.767  ; 2.767  ; Rise       ; C25M            ;
; RD[*]     ; C25M       ; 10.732 ; 10.732 ; Rise       ; C25M            ;
;  RD[0]    ; C25M       ; 5.791  ; 5.791  ; Rise       ; C25M            ;
;  RD[1]    ; C25M       ; 4.956  ; 4.956  ; Rise       ; C25M            ;
;  RD[2]    ; C25M       ; 5.617  ; 5.617  ; Rise       ; C25M            ;
;  RD[3]    ; C25M       ; 4.619  ; 4.619  ; Rise       ; C25M            ;
;  RD[4]    ; C25M       ; 5.356  ; 5.356  ; Rise       ; C25M            ;
;  RD[5]    ; C25M       ; 4.875  ; 4.875  ; Rise       ; C25M            ;
;  RD[6]    ; C25M       ; 5.869  ; 5.869  ; Rise       ; C25M            ;
;  RD[7]    ; C25M       ; 10.732 ; 10.732 ; Rise       ; C25M            ;
; nWE       ; C25M       ; 3.867  ; 3.867  ; Rise       ; C25M            ;
; PHI0      ; C25M       ; 1.878  ; 1.878  ; Fall       ; C25M            ;
; nDEVSEL   ; C25M       ; 2.414  ; 2.414  ; Fall       ; C25M            ;
; nIOSEL    ; C25M       ; 3.080  ; 3.080  ; Fall       ; C25M            ;
; nIOSTRB   ; C25M       ; 2.094  ; 2.094  ; Fall       ; C25M            ;
; nRES      ; C25M       ; 2.086  ; 2.086  ; Fall       ; C25M            ;
+-----------+------------+--------+--------+------------+-----------------+


+-------------------------------------------------------------------------+
; Hold Times                                                              ;
+-----------+------------+--------+--------+------------+-----------------+
; Data Port ; Clock Port ; Rise   ; Fall   ; Clock Edge ; Clock Reference ;
+-----------+------------+--------+--------+------------+-----------------+
; MISO      ; C25M       ; -2.164 ; -2.164 ; Rise       ; C25M            ;
; RA[*]     ; C25M       ; -1.262 ; -1.262 ; Rise       ; C25M            ;
;  RA[0]    ; C25M       ; -2.540 ; -2.540 ; Rise       ; C25M            ;
;  RA[1]    ; C25M       ; -2.207 ; -2.207 ; Rise       ; C25M            ;
;  RA[2]    ; C25M       ; -1.262 ; -1.262 ; Rise       ; C25M            ;
;  RA[3]    ; C25M       ; -3.136 ; -3.136 ; Rise       ; C25M            ;
;  RA[4]    ; C25M       ; -3.414 ; -3.414 ; Rise       ; C25M            ;
;  RA[5]    ; C25M       ; -1.285 ; -1.285 ; Rise       ; C25M            ;
;  RA[6]    ; C25M       ; -4.431 ; -4.431 ; Rise       ; C25M            ;
;  RA[7]    ; C25M       ; -2.369 ; -2.369 ; Rise       ; C25M            ;
;  RA[8]    ; C25M       ; -2.159 ; -2.159 ; Rise       ; C25M            ;
;  RA[9]    ; C25M       ; -2.400 ; -2.400 ; Rise       ; C25M            ;
;  RA[10]   ; C25M       ; -2.550 ; -2.550 ; Rise       ; C25M            ;
;  RA[11]   ; C25M       ; -2.589 ; -2.589 ; Rise       ; C25M            ;
;  RA[12]   ; C25M       ; -2.584 ; -2.584 ; Rise       ; C25M            ;
;  RA[13]   ; C25M       ; -2.387 ; -2.387 ; Rise       ; C25M            ;
;  RA[14]   ; C25M       ; -2.139 ; -2.139 ; Rise       ; C25M            ;
;  RA[15]   ; C25M       ; -2.213 ; -2.213 ; Rise       ; C25M            ;
; RD[*]     ; C25M       ; -2.496 ; -2.496 ; Rise       ; C25M            ;
;  RD[0]    ; C25M       ; -2.763 ; -2.763 ; Rise       ; C25M            ;
;  RD[1]    ; C25M       ; -2.496 ; -2.496 ; Rise       ; C25M            ;
;  RD[2]    ; C25M       ; -3.534 ; -3.534 ; Rise       ; C25M            ;
;  RD[3]    ; C25M       ; -3.040 ; -3.040 ; Rise       ; C25M            ;
;  RD[4]    ; C25M       ; -2.714 ; -2.714 ; Rise       ; C25M            ;
;  RD[5]    ; C25M       ; -3.205 ; -3.205 ; Rise       ; C25M            ;
;  RD[6]    ; C25M       ; -3.000 ; -3.000 ; Rise       ; C25M            ;
;  RD[7]    ; C25M       ; -3.257 ; -3.257 ; Rise       ; C25M            ;
; nWE       ; C25M       ; -3.313 ; -3.313 ; Rise       ; C25M            ;
; PHI0      ; C25M       ; -1.324 ; -1.324 ; Fall       ; C25M            ;
; nDEVSEL   ; C25M       ; -1.860 ; -1.860 ; Fall       ; C25M            ;
; nIOSEL    ; C25M       ; -2.526 ; -2.526 ; Fall       ; C25M            ;
; nIOSTRB   ; C25M       ; -1.540 ; -1.540 ; Fall       ; C25M            ;
; nRES      ; C25M       ; -1.532 ; -1.532 ; Fall       ; C25M            ;
+-----------+------------+--------+--------+------------+-----------------+


+-------------------------------------------------------------------------+
; Clock to Output Times                                                   ;
+-----------+------------+--------+--------+------------+-----------------+
; Data Port ; Clock Port ; Rise   ; Fall   ; Clock Edge ; Clock Reference ;
+-----------+------------+--------+--------+------------+-----------------+
; DQMH      ; C25M       ; 14.543 ; 14.543 ; Rise       ; C25M            ;
; DQML      ; C25M       ; 14.323 ; 14.323 ; Rise       ; C25M            ;
; FCK       ; C25M       ; 6.814  ; 6.814  ; Rise       ; C25M            ;
; MOSI      ; C25M       ; 7.979  ; 7.979  ; Rise       ; C25M            ;
; RCKE      ; C25M       ; 7.479  ; 7.479  ; Rise       ; C25M            ;
; RD[*]     ; C25M       ; 12.638 ; 12.638 ; Rise       ; C25M            ;
;  RD[0]    ; C25M       ; 12.638 ; 12.638 ; Rise       ; C25M            ;
;  RD[1]    ; C25M       ; 12.638 ; 12.638 ; Rise       ; C25M            ;
;  RD[2]    ; C25M       ; 12.608 ; 12.608 ; Rise       ; C25M            ;
;  RD[3]    ; C25M       ; 12.638 ; 12.638 ; Rise       ; C25M            ;
;  RD[4]    ; C25M       ; 12.638 ; 12.638 ; Rise       ; C25M            ;
;  RD[5]    ; C25M       ; 12.638 ; 12.638 ; Rise       ; C25M            ;
;  RD[6]    ; C25M       ; 12.638 ; 12.638 ; Rise       ; C25M            ;
;  RD[7]    ; C25M       ; 12.608 ; 12.608 ; Rise       ; C25M            ;
; RDdir     ; C25M       ; 12.022 ; 12.022 ; Rise       ; C25M            ;
; SA[*]     ; C25M       ; 11.933 ; 11.933 ; Rise       ; C25M            ;
;  SA[12]   ; C25M       ; 11.933 ; 11.933 ; Rise       ; C25M            ;
; SBA[*]    ; C25M       ; 10.649 ; 10.649 ; Rise       ; C25M            ;
;  SBA[1]   ; C25M       ; 10.649 ; 10.649 ; Rise       ; C25M            ;
; SD[*]     ; C25M       ; 8.298  ; 8.298  ; Rise       ; C25M            ;
;  SD[0]    ; C25M       ; 8.056  ; 8.056  ; Rise       ; C25M            ;
;  SD[1]    ; C25M       ; 8.298  ; 8.298  ; Rise       ; C25M            ;
;  SD[2]    ; C25M       ; 8.056  ; 8.056  ; Rise       ; C25M            ;
;  SD[3]    ; C25M       ; 6.880  ; 6.880  ; Rise       ; C25M            ;
;  SD[4]    ; C25M       ; 8.298  ; 8.298  ; Rise       ; C25M            ;
;  SD[5]    ; C25M       ; 8.298  ; 8.298  ; Rise       ; C25M            ;
;  SD[6]    ; C25M       ; 6.858  ; 6.858  ; Rise       ; C25M            ;
;  SD[7]    ; C25M       ; 6.854  ; 6.854  ; Rise       ; C25M            ;
; nCAS      ; C25M       ; 7.921  ; 7.921  ; Rise       ; C25M            ;
; nFCS      ; C25M       ; 8.004  ; 8.004  ; Rise       ; C25M            ;
; nRAS      ; C25M       ; 8.131  ; 8.131  ; Rise       ; C25M            ;
; nRCS      ; C25M       ; 7.921  ; 7.921  ; Rise       ; C25M            ;
; nRESout   ; C25M       ; 8.754  ; 8.754  ; Rise       ; C25M            ;
; nSWE      ; C25M       ; 7.935  ; 7.935  ; Rise       ; C25M            ;
+-----------+------------+--------+--------+------------+-----------------+


+-------------------------------------------------------------------------+
; Minimum Clock to Output Times                                           ;
+-----------+------------+--------+--------+------------+-----------------+
; Data Port ; Clock Port ; Rise   ; Fall   ; Clock Edge ; Clock Reference ;
+-----------+------------+--------+--------+------------+-----------------+
; DQMH      ; C25M       ; 10.913 ; 10.913 ; Rise       ; C25M            ;
; DQML      ; C25M       ; 10.693 ; 10.693 ; Rise       ; C25M            ;
; FCK       ; C25M       ; 6.814  ; 6.814  ; Rise       ; C25M            ;
; MOSI      ; C25M       ; 7.979  ; 7.979  ; Rise       ; C25M            ;
; RCKE      ; C25M       ; 7.479  ; 7.479  ; Rise       ; C25M            ;
; RD[*]     ; C25M       ; 8.939  ; 8.939  ; Rise       ; C25M            ;
;  RD[0]    ; C25M       ; 8.969  ; 8.969  ; Rise       ; C25M            ;
;  RD[1]    ; C25M       ; 8.969  ; 8.969  ; Rise       ; C25M            ;
;  RD[2]    ; C25M       ; 8.939  ; 8.939  ; Rise       ; C25M            ;
;  RD[3]    ; C25M       ; 8.969  ; 8.969  ; Rise       ; C25M            ;
;  RD[4]    ; C25M       ; 8.969  ; 8.969  ; Rise       ; C25M            ;
;  RD[5]    ; C25M       ; 8.969  ; 8.969  ; Rise       ; C25M            ;
;  RD[6]    ; C25M       ; 8.969  ; 8.969  ; Rise       ; C25M            ;
;  RD[7]    ; C25M       ; 8.939  ; 8.939  ; Rise       ; C25M            ;
; RDdir     ; C25M       ; 8.353  ; 8.353  ; Rise       ; C25M            ;
; SA[*]     ; C25M       ; 9.725  ; 9.725  ; Rise       ; C25M            ;
;  SA[12]   ; C25M       ; 9.725  ; 9.725  ; Rise       ; C25M            ;
; SBA[*]    ; C25M       ; 10.149 ; 10.149 ; Rise       ; C25M            ;
;  SBA[1]   ; C25M       ; 10.149 ; 10.149 ; Rise       ; C25M            ;
; SD[*]     ; C25M       ; 6.854  ; 6.854  ; Rise       ; C25M            ;
;  SD[0]    ; C25M       ; 8.056  ; 8.056  ; Rise       ; C25M            ;
;  SD[1]    ; C25M       ; 8.298  ; 8.298  ; Rise       ; C25M            ;
;  SD[2]    ; C25M       ; 8.056  ; 8.056  ; Rise       ; C25M            ;
;  SD[3]    ; C25M       ; 6.880  ; 6.880  ; Rise       ; C25M            ;
;  SD[4]    ; C25M       ; 8.298  ; 8.298  ; Rise       ; C25M            ;
;  SD[5]    ; C25M       ; 8.298  ; 8.298  ; Rise       ; C25M            ;
;  SD[6]    ; C25M       ; 6.858  ; 6.858  ; Rise       ; C25M            ;
;  SD[7]    ; C25M       ; 6.854  ; 6.854  ; Rise       ; C25M            ;
; nCAS      ; C25M       ; 7.921  ; 7.921  ; Rise       ; C25M            ;
; nFCS      ; C25M       ; 8.004  ; 8.004  ; Rise       ; C25M            ;
; nRAS      ; C25M       ; 8.131  ; 8.131  ; Rise       ; C25M            ;
; nRCS      ; C25M       ; 7.921  ; 7.921  ; Rise       ; C25M            ;
; nRESout   ; C25M       ; 8.754  ; 8.754  ; Rise       ; C25M            ;
; nSWE      ; C25M       ; 7.935  ; 7.935  ; Rise       ; C25M            ;
+-----------+------------+--------+--------+------------+-----------------+


+------------------------------------------------------+
; Propagation Delay                                    ;
+------------+-------------+--------+----+----+--------+
; Input Port ; Output Port ; RR     ; RF ; FR ; FF     ;
+------------+-------------+--------+----+----+--------+
; PHI0       ; RD[0]       ; 10.726 ;    ;    ; 10.726 ;
; PHI0       ; RD[1]       ; 10.726 ;    ;    ; 10.726 ;
; PHI0       ; RD[2]       ; 10.696 ;    ;    ; 10.696 ;
; PHI0       ; RD[3]       ; 10.726 ;    ;    ; 10.726 ;
; PHI0       ; RD[4]       ; 10.726 ;    ;    ; 10.726 ;
; PHI0       ; RD[5]       ; 10.726 ;    ;    ; 10.726 ;
; PHI0       ; RD[6]       ; 10.726 ;    ;    ; 10.726 ;
; PHI0       ; RD[7]       ; 10.696 ;    ;    ; 10.696 ;
; PHI0       ; RDdir       ; 10.110 ;    ;    ; 10.110 ;
; nDEVSEL    ; RD[0]       ; 12.243 ;    ;    ; 12.243 ;
; nDEVSEL    ; RD[1]       ; 12.243 ;    ;    ; 12.243 ;
; nDEVSEL    ; RD[2]       ; 12.213 ;    ;    ; 12.213 ;
; nDEVSEL    ; RD[3]       ; 12.243 ;    ;    ; 12.243 ;
; nDEVSEL    ; RD[4]       ; 12.243 ;    ;    ; 12.243 ;
; nDEVSEL    ; RD[5]       ; 12.243 ;    ;    ; 12.243 ;
; nDEVSEL    ; RD[6]       ; 12.243 ;    ;    ; 12.243 ;
; nDEVSEL    ; RD[7]       ; 12.213 ;    ;    ; 12.213 ;
; nDEVSEL    ; RDdir       ; 11.627 ;    ;    ; 11.627 ;
; nIOSEL     ; RD[0]       ; 10.082 ;    ;    ; 10.082 ;
; nIOSEL     ; RD[1]       ; 10.082 ;    ;    ; 10.082 ;
; nIOSEL     ; RD[2]       ; 10.052 ;    ;    ; 10.052 ;
; nIOSEL     ; RD[3]       ; 10.082 ;    ;    ; 10.082 ;
; nIOSEL     ; RD[4]       ; 10.082 ;    ;    ; 10.082 ;
; nIOSEL     ; RD[5]       ; 10.082 ;    ;    ; 10.082 ;
; nIOSEL     ; RD[6]       ; 10.082 ;    ;    ; 10.082 ;
; nIOSEL     ; RD[7]       ; 10.052 ;    ;    ; 10.052 ;
; nIOSEL     ; RDdir       ; 9.466  ;    ;    ; 9.466  ;
; nIOSTRB    ; RD[0]       ; 11.819 ;    ;    ; 11.819 ;
; nIOSTRB    ; RD[1]       ; 11.819 ;    ;    ; 11.819 ;
; nIOSTRB    ; RD[2]       ; 11.789 ;    ;    ; 11.789 ;
; nIOSTRB    ; RD[3]       ; 11.819 ;    ;    ; 11.819 ;
; nIOSTRB    ; RD[4]       ; 11.819 ;    ;    ; 11.819 ;
; nIOSTRB    ; RD[5]       ; 11.819 ;    ;    ; 11.819 ;
; nIOSTRB    ; RD[6]       ; 11.819 ;    ;    ; 11.819 ;
; nIOSTRB    ; RD[7]       ; 11.789 ;    ;    ; 11.789 ;
; nIOSTRB    ; RDdir       ; 11.203 ;    ;    ; 11.203 ;
; nWE        ; RD[0]       ; 10.429 ;    ;    ; 10.429 ;
; nWE        ; RD[1]       ; 10.429 ;    ;    ; 10.429 ;
; nWE        ; RD[2]       ; 10.399 ;    ;    ; 10.399 ;
; nWE        ; RD[3]       ; 10.429 ;    ;    ; 10.429 ;
; nWE        ; RD[4]       ; 10.429 ;    ;    ; 10.429 ;
; nWE        ; RD[5]       ; 10.429 ;    ;    ; 10.429 ;
; nWE        ; RD[6]       ; 10.429 ;    ;    ; 10.429 ;
; nWE        ; RD[7]       ; 10.399 ;    ;    ; 10.399 ;
; nWE        ; RDdir       ; 9.813  ;    ;    ; 9.813  ;
+------------+-------------+--------+----+----+--------+


+------------------------------------------------------+
; Minimum Propagation Delay                            ;
+------------+-------------+--------+----+----+--------+
; Input Port ; Output Port ; RR     ; RF ; FR ; FF     ;
+------------+-------------+--------+----+----+--------+
; PHI0       ; RD[0]       ; 10.726 ;    ;    ; 10.726 ;
; PHI0       ; RD[1]       ; 10.726 ;    ;    ; 10.726 ;
; PHI0       ; RD[2]       ; 10.696 ;    ;    ; 10.696 ;
; PHI0       ; RD[3]       ; 10.726 ;    ;    ; 10.726 ;
; PHI0       ; RD[4]       ; 10.726 ;    ;    ; 10.726 ;
; PHI0       ; RD[5]       ; 10.726 ;    ;    ; 10.726 ;
; PHI0       ; RD[6]       ; 10.726 ;    ;    ; 10.726 ;
; PHI0       ; RD[7]       ; 10.696 ;    ;    ; 10.696 ;
; PHI0       ; RDdir       ; 10.110 ;    ;    ; 10.110 ;
; nDEVSEL    ; RD[0]       ; 12.243 ;    ;    ; 12.243 ;
; nDEVSEL    ; RD[1]       ; 12.243 ;    ;    ; 12.243 ;
; nDEVSEL    ; RD[2]       ; 12.213 ;    ;    ; 12.213 ;
; nDEVSEL    ; RD[3]       ; 12.243 ;    ;    ; 12.243 ;
; nDEVSEL    ; RD[4]       ; 12.243 ;    ;    ; 12.243 ;
; nDEVSEL    ; RD[5]       ; 12.243 ;    ;    ; 12.243 ;
; nDEVSEL    ; RD[6]       ; 12.243 ;    ;    ; 12.243 ;
; nDEVSEL    ; RD[7]       ; 12.213 ;    ;    ; 12.213 ;
; nDEVSEL    ; RDdir       ; 11.627 ;    ;    ; 11.627 ;
; nIOSEL     ; RD[0]       ; 10.082 ;    ;    ; 10.082 ;
; nIOSEL     ; RD[1]       ; 10.082 ;    ;    ; 10.082 ;
; nIOSEL     ; RD[2]       ; 10.052 ;    ;    ; 10.052 ;
; nIOSEL     ; RD[3]       ; 10.082 ;    ;    ; 10.082 ;
; nIOSEL     ; RD[4]       ; 10.082 ;    ;    ; 10.082 ;
; nIOSEL     ; RD[5]       ; 10.082 ;    ;    ; 10.082 ;
; nIOSEL     ; RD[6]       ; 10.082 ;    ;    ; 10.082 ;
; nIOSEL     ; RD[7]       ; 10.052 ;    ;    ; 10.052 ;
; nIOSEL     ; RDdir       ; 9.466  ;    ;    ; 9.466  ;
; nIOSTRB    ; RD[0]       ; 11.819 ;    ;    ; 11.819 ;
; nIOSTRB    ; RD[1]       ; 11.819 ;    ;    ; 11.819 ;
; nIOSTRB    ; RD[2]       ; 11.789 ;    ;    ; 11.789 ;
; nIOSTRB    ; RD[3]       ; 11.819 ;    ;    ; 11.819 ;
; nIOSTRB    ; RD[4]       ; 11.819 ;    ;    ; 11.819 ;
; nIOSTRB    ; RD[5]       ; 11.819 ;    ;    ; 11.819 ;
; nIOSTRB    ; RD[6]       ; 11.819 ;    ;    ; 11.819 ;
; nIOSTRB    ; RD[7]       ; 11.789 ;    ;    ; 11.789 ;
; nIOSTRB    ; RDdir       ; 11.203 ;    ;    ; 11.203 ;
; nWE        ; RD[0]       ; 10.429 ;    ;    ; 10.429 ;
; nWE        ; RD[1]       ; 10.429 ;    ;    ; 10.429 ;
; nWE        ; RD[2]       ; 10.399 ;    ;    ; 10.399 ;
; nWE        ; RD[3]       ; 10.429 ;    ;    ; 10.429 ;
; nWE        ; RD[4]       ; 10.429 ;    ;    ; 10.429 ;
; nWE        ; RD[5]       ; 10.429 ;    ;    ; 10.429 ;
; nWE        ; RD[6]       ; 10.429 ;    ;    ; 10.429 ;
; nWE        ; RD[7]       ; 10.399 ;    ;    ; 10.399 ;
; nWE        ; RDdir       ; 9.813  ;    ;    ; 9.813  ;
+------------+-------------+--------+----+----+--------+


+----------------------------------------------------------------------+
; Output Enable Times                                                  ;
+-----------+------------+-------+------+------------+-----------------+
; Data Port ; Clock Port ; Rise  ; Fall ; Clock Edge ; Clock Reference ;
+-----------+------------+-------+------+------------+-----------------+
; MOSI      ; C25M       ; 7.526 ;      ; Rise       ; C25M            ;
; SD[*]     ; C25M       ; 6.349 ;      ; Rise       ; C25M            ;
;  SD[6]    ; C25M       ; 6.349 ;      ; Rise       ; C25M            ;
;  SD[7]    ; C25M       ; 6.349 ;      ; Rise       ; C25M            ;
+-----------+------------+-------+------+------------+-----------------+


+----------------------------------------------------------------------+
; Minimum Output Enable Times                                          ;
+-----------+------------+-------+------+------------+-----------------+
; Data Port ; Clock Port ; Rise  ; Fall ; Clock Edge ; Clock Reference ;
+-----------+------------+-------+------+------------+-----------------+
; MOSI      ; C25M       ; 7.526 ;      ; Rise       ; C25M            ;
; SD[*]     ; C25M       ; 6.349 ;      ; Rise       ; C25M            ;
;  SD[6]    ; C25M       ; 6.349 ;      ; Rise       ; C25M            ;
;  SD[7]    ; C25M       ; 6.349 ;      ; Rise       ; C25M            ;
+-----------+------------+-------+------+------------+-----------------+


+-------------------------------------------------------------------------------+
; Output Disable Times                                                          ;
+-----------+------------+-----------+-----------+------------+-----------------+
; Data Port ; Clock Port ; 0 to Hi-Z ; 1 to Hi-Z ; Clock Edge ; Clock Reference ;
+-----------+------------+-----------+-----------+------------+-----------------+
; MOSI      ; C25M       ; 7.526     ;           ; Rise       ; C25M            ;
; SD[*]     ; C25M       ; 6.349     ;           ; Rise       ; C25M            ;
;  SD[6]    ; C25M       ; 6.349     ;           ; Rise       ; C25M            ;
;  SD[7]    ; C25M       ; 6.349     ;           ; Rise       ; C25M            ;
+-----------+------------+-----------+-----------+------------+-----------------+


+-------------------------------------------------------------------------------+
; Minimum Output Disable Times                                                  ;
+-----------+------------+-----------+-----------+------------+-----------------+
; Data Port ; Clock Port ; 0 to Hi-Z ; 1 to Hi-Z ; Clock Edge ; Clock Reference ;
+-----------+------------+-----------+-----------+------------+-----------------+
; MOSI      ; C25M       ; 7.526     ;           ; Rise       ; C25M            ;
; SD[*]     ; C25M       ; 6.349     ;           ; Rise       ; C25M            ;
;  SD[6]    ; C25M       ; 6.349     ;           ; Rise       ; C25M            ;
;  SD[7]    ; C25M       ; 6.349     ;           ; Rise       ; C25M            ;
+-----------+------------+-----------+-----------+------------+-----------------+


+-------------------------------------------------------------------+
; Setup Transfers                                                   ;
+------------+----------+----------+----------+----------+----------+
; From Clock ; To Clock ; RR Paths ; FR Paths ; RF Paths ; FF Paths ;
+------------+----------+----------+----------+----------+----------+
; ARCLK      ; ARCLK    ; 1        ; 0        ; 0        ; 0        ;
; C25M       ; ARCLK    ; 1        ; 0        ; 0        ; 0        ;
; C25M       ; C25M     ; 2727     ; 5        ; 0        ; 0        ;
; DRCLK      ; C25M     ; 2        ; 0        ; 0        ; 0        ;
; C25M       ; DRCLK    ; 1        ; 0        ; 0        ; 0        ;
; DRCLK      ; DRCLK    ; 1        ; 0        ; 0        ; 0        ;
+------------+----------+----------+----------+----------+----------+
Entries labeled "false path" only account for clock-to-clock false paths and not path-based false paths. As a result, actual path counts may be lower than reported.


+-------------------------------------------------------------------+
; Hold Transfers                                                    ;
+------------+----------+----------+----------+----------+----------+
; From Clock ; To Clock ; RR Paths ; FR Paths ; RF Paths ; FF Paths ;
+------------+----------+----------+----------+----------+----------+
; ARCLK      ; ARCLK    ; 1        ; 0        ; 0        ; 0        ;
; C25M       ; ARCLK    ; 1        ; 0        ; 0        ; 0        ;
; C25M       ; C25M     ; 2727     ; 5        ; 0        ; 0        ;
; DRCLK      ; C25M     ; 2        ; 0        ; 0        ; 0        ;
; C25M       ; DRCLK    ; 1        ; 0        ; 0        ; 0        ;
; DRCLK      ; DRCLK    ; 1        ; 0        ; 0        ; 0        ;
+------------+----------+----------+----------+----------+----------+
Entries labeled "false path" only account for clock-to-clock false paths and not path-based false paths. As a result, actual path counts may be lower than reported.


---------------
; Report TCCS ;
---------------
No dedicated SERDES Transmitter circuitry present in device or used in design


---------------
; Report RSKM ;
---------------
No dedicated SERDES Receiver circuitry present in device or used in design


+------------------------------------------------+
; Unconstrained Paths                            ;
+---------------------------------+-------+------+
; Property                        ; Setup ; Hold ;
+---------------------------------+-------+------+
; Illegal Clocks                  ; 0     ; 0    ;
; Unconstrained Clocks            ; 0     ; 0    ;
; Unconstrained Input Ports       ; 31    ; 31   ;
; Unconstrained Input Port Paths  ; 105   ; 105  ;
; Unconstrained Output Ports      ; 30    ; 30   ;
; Unconstrained Output Port Paths ; 110   ; 110  ;
+---------------------------------+-------+------+


+------------------------------------+
; TimeQuest Timing Analyzer Messages ;
+------------------------------------+
Info: *******************************************************************
Info: Running Quartus II 32-bit TimeQuest Timing Analyzer
    Info: Version 13.0.1 Build 232 06/12/2013 Service Pack 1 SJ Web Edition
    Info: Processing started: Fri Mar 19 16:35:33 2021
Info: Command: quartus_sta GR8RAM -c GR8RAM
Info: qsta_default_script.tcl version: #1
Info (20030): Parallel compilation is enabled and will use 2 of the 2 processors detected
Info (21077): Low junction temperature is 0 degrees C
Info (21077): High junction temperature is 85 degrees C
Info (306004): Started post-fitting delay annotation
Info (306005): Delay annotation completed successfully
Critical Warning (332012): Synopsys Design Constraints File file not found: 'GR8RAM.sdc'. A Synopsys Design Constraints File is required by the TimeQuest Timing Analyzer to get proper timing constraints. Without it, the Compiler will not properly optimize the design.
Info (332142): No user constrained base clocks found in the design. Calling "derive_clocks -period 1.0"
Info (332105): Deriving Clocks
    Info (332105): create_clock -period 1.000 -name DRCLK DRCLK
    Info (332105): create_clock -period 1.000 -name ARCLK ARCLK
    Info (332105): create_clock -period 1.000 -name C25M C25M
Info: Found TIMEQUEST_REPORT_SCRIPT_INCLUDE_DEFAULT_ANALYSIS = ON
Critical Warning (332148): Timing requirements not met
Info (332146): Worst-case setup slack is -99.000
    Info (332119):     Slack End Point TNS Clock 
    Info (332119): ========= ============= =====================
    Info (332119):   -99.000       -99.000 ARCLK 
    Info (332119):   -99.000       -99.000 DRCLK 
    Info (332119):    -9.555      -547.115 C25M 
Info (332146): Worst-case hold slack is -16.276
    Info (332119):     Slack End Point TNS Clock 
    Info (332119): ========= ============= =====================
    Info (332119):   -16.276       -16.276 ARCLK 
    Info (332119):   -16.256       -16.256 DRCLK 
    Info (332119):     1.377         0.000 C25M 
Info (332140): No Recovery paths to report
Info (332140): No Removal paths to report
Info (332146): Worst-case minimum pulse width slack is -29.500
    Info (332119):     Slack End Point TNS Clock 
    Info (332119): ========= ============= =====================
    Info (332119):   -29.500       -59.000 ARCLK 
    Info (332119):   -29.500       -59.000 DRCLK 
    Info (332119):    -2.289        -2.289 C25M 
Info (332001): The selected device family is not supported by the report_metastability command.
Info (332102): Design is not fully constrained for setup requirements
Info (332102): Design is not fully constrained for hold requirements
Info: Quartus II 32-bit TimeQuest Timing Analyzer was successful. 0 errors, 2 warnings
    Info: Peak virtual memory: 275 megabytes
    Info: Processing ended: Fri Mar 19 16:35:38 2021
    Info: Elapsed time: 00:00:05
    Info: Total CPU time (on all processors): 00:00:04


