
Copyright (C) 1994-2018 Synopsys, Inc.
This Synopsys software and all associated documentation are proprietary to Synopsys, Inc.
and may only be used pursuant to the terms and conditions of a written license agreement
with Synopsys, Inc. All other use, reproduction, modification, or distribution of the
Synopsys software or the associated documentation is strictly prohibited.
Tool: Synplify Pro (R)
Build: N-2018.03L-SP1-1
Install: C:\lscc\diamond\3.11_x64\synpbase
OS: Windows 6.2

Hostname: ZANEMACWIN11

Implementation : impl1
Synopsys HDL compiler and linker, Version comp2018q2p1, Build 461R, Built Apr  1 2019 09:17:43

Modified Files: 1
FID:  path (prevtimestamp, timestamp)
6        \\Mac\iCloud\Repos\GR8RAM\cpld\GR8RAM.v (2024-06-13 00:37:25, 2024-06-13 00:38:34)

*******************************************************************
Modules that may have changed as a result of file changes: 1
MID:  lib.cell.view
0        work.GR8RAM.verilog may have changed because the following files changed:
                        \\Mac\iCloud\Repos\GR8RAM\cpld\GR8RAM.v (2024-06-13 00:37:25, 2024-06-13 00:38:34) <-- (module definition)

*******************************************************************
Unmodified files: 6
FID:  path (timestamp)
0        C:\lscc\diamond\3.11_x64\synpbase\lib\lucent\machxo2.v (2019-04-01 10:08:08)
1        C:\lscc\diamond\3.11_x64\synpbase\lib\lucent\pmi_def.v (2019-04-01 10:08:08)
2        C:\lscc\diamond\3.11_x64\synpbase\lib\vlog\hypermods.v (2019-04-01 10:07:44)
3        C:\lscc\diamond\3.11_x64\synpbase\lib\vlog\scemi_objects.v (2019-04-01 10:07:44)
4        C:\lscc\diamond\3.11_x64\synpbase\lib\vlog\scemi_pipes.svh (2019-04-01 10:07:44)
5        C:\lscc\diamond\3.11_x64\synpbase\lib\vlog\umr_capim.v (2019-04-01 10:07:44)

*******************************************************************
Unchanged modules: 0
MID:  lib.cell.view
