
Copyright (C) 1994-2018 Synopsys, Inc.
This Synopsys software and all associated documentation are proprietary to Synopsys, Inc.
and may only be used pursuant to the terms and conditions of a written license agreement
with Synopsys, Inc. All other use, reproduction, modification, or distribution of the
Synopsys software or the associated documentation is strictly prohibited.
Tool: Synplify Pro (R)
Build: N-2018.03L-SP1-1
Install: C:\lscc\diamond\3.11_x64\synpbase
OS: Windows 6.2

Hostname: ZANEMACWIN11

Implementation : impl1
Synopsys HDL compiler and linker, Version comp2018q2p1, Build 461R, Built Apr  1 2019 09:17:43

Modified Files: 3
FID:  path (prevtimestamp, timestamp)
6        \\Mac\iCloud\Repos\GR8RAM\cpld\BusInterface.v (2024-07-08 23:47:48, 2024-07-14 06:18:38)
7        \\Mac\iCloud\Repos\GR8RAM\cpld\GR8RAM.v (2024-07-11 20:04:44, 2024-07-11 20:09:55)
9        \\Mac\iCloud\Repos\GR8RAM\cpld\SDRAMController.v (2024-07-11 19:52:32, 2024-07-12 00:00:17)

*******************************************************************
Modules that may have changed as a result of file changes: 5
MID:  lib.cell.view
0        work.BusInterface.verilog may have changed because the following files changed:
                        \\Mac\iCloud\Repos\GR8RAM\cpld\BusInterface.v (2024-07-08 23:47:48, 2024-07-14 06:18:38) <-- (module definition)
                        \\Mac\iCloud\Repos\GR8RAM\cpld\GR8RAM.v (2024-07-11 20:04:44, 2024-07-11 20:09:55) <-- (may instantiate this module)
1        work.GR8RAM.verilog may have changed because the following files changed:
                        \\Mac\iCloud\Repos\GR8RAM\cpld\GR8RAM.v (2024-07-11 20:04:44, 2024-07-11 20:09:55) <-- (module definition)
2        work.InitController.verilog may have changed because the following files changed:
                        \\Mac\iCloud\Repos\GR8RAM\cpld\GR8RAM.v (2024-07-11 20:04:44, 2024-07-11 20:09:55) <-- (may instantiate this module)
3        work.SDRAMController.verilog may have changed because the following files changed:
                        \\Mac\iCloud\Repos\GR8RAM\cpld\GR8RAM.v (2024-07-11 20:04:44, 2024-07-11 20:09:55) <-- (may instantiate this module)
                        \\Mac\iCloud\Repos\GR8RAM\cpld\SDRAMController.v (2024-07-11 19:52:32, 2024-07-12 00:00:17) <-- (module definition)
4        work.SlinkyRegisters.verilog may have changed because the following files changed:
                        \\Mac\iCloud\Repos\GR8RAM\cpld\GR8RAM.v (2024-07-11 20:04:44, 2024-07-11 20:09:55) <-- (may instantiate this module)

*******************************************************************
Unmodified files: 8
FID:  path (timestamp)
0        C:\lscc\diamond\3.11_x64\synpbase\lib\lucent\machxo2.v (2019-04-01 10:08:08)
1        C:\lscc\diamond\3.11_x64\synpbase\lib\lucent\pmi_def.v (2019-04-01 10:08:08)
2        C:\lscc\diamond\3.11_x64\synpbase\lib\vlog\hypermods.v (2019-04-01 10:07:44)
3        C:\lscc\diamond\3.11_x64\synpbase\lib\vlog\scemi_objects.v (2019-04-01 10:07:44)
4        C:\lscc\diamond\3.11_x64\synpbase\lib\vlog\scemi_pipes.svh (2019-04-01 10:07:44)
5        C:\lscc\diamond\3.11_x64\synpbase\lib\vlog\umr_capim.v (2019-04-01 10:07:44)
8        \\Mac\iCloud\Repos\GR8RAM\cpld\InitController.v (2024-07-11 19:49:42)
10       \\Mac\iCloud\Repos\GR8RAM\cpld\SlinkyRegisters.v (2024-07-11 19:57:41)

*******************************************************************
Unchanged modules: 0
MID:  lib.cell.view
