
Copyright (C) 1994-2018 Synopsys, Inc.
This Synopsys software and all associated documentation are proprietary to Synopsys, Inc.
and may only be used pursuant to the terms and conditions of a written license agreement
with Synopsys, Inc. All other use, reproduction, modification, or distribution of the
Synopsys software or the associated documentation is strictly prohibited.
Tool: Synplify Pro (R)
Build: N-2018.03L-SP1-1
Install: C:\lscc\diamond\3.11_x64\synpbase
OS: Windows 6.2

Hostname: ZANEMACWIN11

Implementation : impl1

# Written on Thu Jun 13 00:38:48 2024

##### DESIGN INFO #######################################################

Top View:                "GR8RAM"
Constraint File(s):      (none)




##### SUMMARY ############################################################

Found 0 issues in 0 out of 0 constraints


##### DETAILS ############################################################



Clock Relationships
*******************

Starting        Ending          |     rise to rise     |     fall to fall     |     rise to fall     |     fall to rise                     
-------------------------------------------------------------------------------------------------------------------------------------------
GR8RAM|PHI0     GR8RAM|RCLK     |     Diff grp         |     No paths         |     Diff grp         |     No paths                         
GR8RAM|RCLK     GR8RAM|RCLK     |     10.000           |     No paths         |     5.000            |     No paths                         
===========================================================================================================================================
 Note: 'No paths' indicates there are no paths in the design for that pair of clock edges.
       'Diff grp' indicates that paths exist but the starting clock and ending clock are in different clock groups.


Unconstrained Start/End Points
******************************

p:DQMH
p:DQML
p:FCK
p:LED
p:MISO
p:MOSI (bidir end point)
p:MOSI (bidir start point)
p:RA[0]
p:RA[1]
p:RA[2]
p:RA[3]
p:RA[4]
p:RA[5]
p:RA[6]
p:RA[7]
p:RA[8]
p:RA[9]
p:RA[10]
p:RA[11]
p:RA[12]
p:RA[13]
p:RA[14]
p:RA[15]
p:RCKE
p:RCLKout
p:RD[0] (bidir end point)
p:RD[0] (bidir start point)
p:RD[1] (bidir end point)
p:RD[1] (bidir start point)
p:RD[2] (bidir end point)
p:RD[2] (bidir start point)
p:RD[3] (bidir end point)
p:RD[3] (bidir start point)
p:RD[4] (bidir end point)
p:RD[4] (bidir start point)
p:RD[5] (bidir end point)
p:RD[5] (bidir start point)
p:RD[6] (bidir end point)
p:RD[6] (bidir start point)
p:RD[7] (bidir end point)
p:RD[7] (bidir start point)
p:SA[0]
p:SA[1]
p:SA[2]
p:SA[3]
p:SA[4]
p:SA[5]
p:SA[6]
p:SA[7]
p:SA[8]
p:SA[9]
p:SA[10]
p:SA[11]
p:SA[12]
p:SBA[0]
p:SBA[1]
p:SD[0] (bidir end point)
p:SD[0] (bidir start point)
p:SD[1] (bidir end point)
p:SD[1] (bidir start point)
p:SD[2] (bidir end point)
p:SD[2] (bidir start point)
p:SD[3] (bidir end point)
p:SD[3] (bidir start point)
p:SD[4] (bidir end point)
p:SD[4] (bidir start point)
p:SD[5] (bidir end point)
p:SD[5] (bidir start point)
p:SD[6] (bidir end point)
p:SD[6] (bidir start point)
p:SD[7] (bidir end point)
p:SD[7] (bidir start point)
p:SetFW[0]
p:SetFW[1]
p:nCAS
p:nDEVSEL
p:nDinOE
p:nFCS
p:nIOSEL
p:nIOSTRB
p:nIRQout
p:nRAS
p:nRCS
p:nRES
p:nRESout
p:nSWE
p:nWE


Inapplicable constraints
************************

(none)


Applicable constraints with issues
**********************************

(none)


Constraints with matching wildcard expressions
**********************************************

(none)


Library Report
**************


# End of Constraint Checker Report
